Microchip MPLAB XC8 Compiler V1.43 ()

Linker command line:

-W-3 --edf=C:\Program Files (x86)\Microchip\xc8\v1.43\dat\en_msgs.txt -cs \
  -h+dist/default/production\Tetris.X.production.sym \
  --cmf=dist/default/production\Tetris.X.production.cmf -z -Q18F4550 \
  -oC:\Users\marie\AppData\Local\Temp\so4s.2 \
  -Mdist/default/production/Tetris.X.production.map -E1 -ver=XC8 \
  -ASTACK=02D8h-07ffh -pstack=STACK -ACODE=00h-07FFFh -ACONST=00h-07FFFh \
  -ASMALLCONST=0800h-08FFhx120 -AMEDIUMCONST=0800h-07FFFh -ACOMRAM=01h-05Fh \
  -AABS1=00h-07FFh -ABIGRAM=01h-07FFh -ARAM=060h-0FFh,0100h-01FFhx7 \
  -ABANK0=060h-0FFh -ABANK1=0100h-01FFh -ABANK2=0200h-02FFh \
  -ABANK3=0300h-03FFh -ABANK4=0400h-04FFh -ABANK5=0500h-05FFh \
  -ABANK6=0600h-06FFh -ABANK7=0700h-07FFh -ASFR=0F60h-0FFFh \
  -preset_vec=00h,intcode,intcodelo,powerup,init -pramtop=0800h \
  -psmallconst=SMALLCONST -pmediumconst=MEDIUMCONST -pconst=CONST \
  -AFARRAM=00h-00h -ACONFIG=0300000h-030000Dh -pconfig=CONFIG \
  -AIDLOC=0200000h-0200007h -pidloc=IDLOC -AEEDATA=0F00000h-0F000FFh \
  -peeprom_data=EEDATA \
  -prdata=COMRAM,nvrram=COMRAM,nvbit=COMRAM,rbss=COMRAM,rbit=COMRAM \
  -pfarbss=FARRAM,fardata=FARRAM,nvFARRAM=FARRAM \
  -pintsave_regs=BIGRAM,bigbss=BIGRAM,bigdata=BIGRAM -pbss=RAM \
  -pidata=CODE,irdata=CODE,ibigdata=CODE,ifardata=CODE -prparam=COMRAM \
  C:\Users\marie\AppData\Local\Temp\so4s.obj \
  dist/default/production\Tetris.X.production.obj 

Object code version is 3.11

Machine type is 18F4550

Call graph: (short form)




                Name                               Link     Load   Length Selector   Space Scale
C:\Users\marie\AppData\Local\Temp\so4s.obj
                init                                  0        0        4        0       0
                idloc                            200000   200000        8   200000       0
                config                           300000   300000        E   300000       0
dist/default/production\Tetris.X.production.obj
                mediumconst                        773A     773A      8C6     3B9D       0
                text14                             5712     5712       70     2B89       0
                text13                             564E     564E       56     2B27       0
                text12                             55FC     55FC       52     2AFE       0
                text11                             6292     6292     14A8     3149       0
                text10                             5530     5530       1A     2A98       0
                text9                              5782     5782       84     2BC1       0
                text8                              554A     554A       36     2AA5       0
                text7                              5580     5580       36     2AC0       0
                text6                              5806     5806       B2     2C03       0
                text5                              5A72     5A72      1A2     2D39       0
                text4                              56A4     56A4       6E     2B52       0
                text3                              58B8     58B8       BE     2C5C       0
                text2                              5EB4     5EB4      3DE     2F5A       0
                text1                              5C14     5C14      2A0     2E0A       0
                text0                              5976     5976       FC     2CBB       0
                cstackCOMRAM                          1        1       3C        1       1
                bssBANK2                            200      200       D8      200       1
                bssBANK1                            100      100       B4      100       1
                dataCOMRAM                           3D       3D        4        1       1
                bssCOMRAM                            41       41        2        1       1
                cinit                              55B6     55B6       46     2ADB       0
                idataCOMRAM                        552C     552C        4     552C       0

TOTAL           Name                               Link     Load   Length     Space
        CLASS   STACK          

        CLASS   CODE           
                init                                  0        0        4         0
                text14                             5712     5712       70         0
                text13                             564E     564E       56         0
                text12                             55FC     55FC       52         0
                text11                             6292     6292     14A8         0
                text10                             5530     5530       1A         0
                text9                              5782     5782       84         0
                text8                              554A     554A       36         0
                text7                              5580     5580       36         0
                text6                              5806     5806       B2         0
                text5                              5A72     5A72      1A2         0
                text4                              56A4     56A4       6E         0
                text3                              58B8     58B8       BE         0
                text2                              5EB4     5EB4      3DE         0
                text1                              5C14     5C14      2A0         0
                text0                              5976     5976       FC         0
                cinit                              55B6     55B6       46         0
                idataCOMRAM                        552C     552C        4         0

        CLASS   CONST          

        CLASS   SMALLCONST     

        CLASS   MEDIUMCONST    
                mediumconst                        773A     773A      8C6         0

        CLASS   COMRAM         
                cstackCOMRAM                          1        1       3C         1
                dataCOMRAM                           3D       3D        4         1
                bssCOMRAM                            41       41        2         1

        CLASS   ABS1           

        CLASS   BIGRAM         

        CLASS   RAM            

        CLASS   BANK0          

        CLASS   BANK1          
                bssBANK1                            100      100       B4         1

        CLASS   BANK2          
                bssBANK2                            200      200       D8         1

        CLASS   BANK3          

        CLASS   BANK4          

        CLASS   BANK5          

        CLASS   BANK6          

        CLASS   BANK7          

        CLASS   SFR            

        CLASS   FARRAM         

        CLASS   CONFIG         
                config                           300000   300000        E         0

        CLASS   IDLOC          
                idloc                            200000   200000        8         0

        CLASS   EEDATA         



SEGMENTS        Name                           Load    Length   Top    Selector   Space  Class

                reset_vec                      000000  000004  000004         0       0  CODE    
                cstackCOMRAM                   000001  000042  000043         1       1  COMRAM  
                bssBANK1                       000100  0000B4  0001B4       100       1  BANK1   
                bssBANK2                       000200  0000D8  0002D8       200       1  BANK2   
                idataCOMRAM                    00552C  000004  005530      552C       0  CODE    
                text10                         005530  00001A  00554A      2A98       0  CODE    
                text8                          00554A  000036  005580      2AA5       0  CODE    
                text7                          005580  000036  0055B6      2AC0       0  CODE    
                cinit                          0055B6  000046  0055FC      2ADB       0  CODE    
                text12                         0055FC  000052  00564E      2AFE       0  CODE    
                text13                         00564E  000056  0056A4      2B27       0  CODE    
                text4                          0056A4  00006E  005712      2B52       0  CODE    
                text14                         005712  000070  005782      2B89       0  CODE    
                text9                          005782  000084  005806      2BC1       0  CODE    
                text6                          005806  0000B2  0058B8      2C03       0  CODE    
                text3                          0058B8  0000BE  005976      2C5C       0  CODE    
                text0                          005976  0000FC  005A72      2CBB       0  CODE    
                text5                          005A72  0001A2  005C14      2D39       0  CODE    
                text1                          005C14  0002A0  005EB4      2E0A       0  CODE    
                text2                          005EB4  0003DE  006292      2F5A       0  CODE    
                text11                         006292  0014A8  00773A      3149       0  CODE    
                mediumconst                    00773A  0008C6  008000      3B9D       0  MEDIUMCO
                idloc                          200000  000008  200008    200000       0  IDLOC   
                config                         300000  00000E  30000E    300000       0  CONFIG  


UNUSED ADDRESS RANGES

        Name                Unused          Largest block    Delta
        BANK0            000060-0000FF               A0
        BANK1            0001B4-0001FF               4C
        BANK2            0002D8-0002FF               28
        BANK3            000300-0003FF              100
        BANK4            000400-0004FF              100
        BANK5            000500-0005FF              100
        BANK6            000600-0006FF              100
        BANK7            000700-0007FF              100
        BIGRAM           000043-0000FF               BD
                         0001B4-0001FF               4C
                         0002D8-0007FF              528
        CODE             000004-00552B             5528
        COMRAM           000043-00005F               1D
        CONST            000004-00552B             5528
        EEDATA           F00000-F000FF              100
        MEDIUMCONST      000800-00552B             4D2C
        RAM              000060-0000FF               A0
                         0001B4-0001FF               4C
                         0002D8-0007FF              100
        SFR              000F60-000FFF               A0
        SMALLCONST       000800-00552B              100
        STACK            0002D8-0007FF              528

                                  Symbol Table

?___awdiv                       cstackCOMRAM 000001
?___awmod                       cstackCOMRAM 00000F
?___lmul                        cstackCOMRAM 000001
?_rand                          cstackCOMRAM 00000D
_ADCON1                         (abs)        000FC1
_Font3x6                        mediumconst  007F3B
_Font8x8                        mediumconst  00773B
_LATBbits                       (abs)        000F8A
_LATD                           (abs)        000F8C
_PORTA                          (abs)        000F80
_PORTB                          (abs)        000F81
_PORTD                          (abs)        000F83
_PORTEbits                      (abs)        000F84
_TRISA                          (abs)        000F92
_TRISB                          (abs)        000F93
_TRISD                          (abs)        000F95
__CFG_FOSC$HS                   (abs)        000000
__CFG_LVP$OFF                   (abs)        000000
__HRAM                          (abs)        000000
__Habs1                         abs1         000000
__Hbank0                        bank0        000000
__Hbank1                        bank1        000000
__Hbank2                        bank2        000000
__Hbank3                        bank3        000000
__Hbank4                        bank4        000000
__Hbank5                        bank5        000000
__Hbank6                        bank6        000000
__Hbank7                        bank7        000000
__Hbigbss                       bigbss       000000
__Hbigdata                      bigdata      000000
__Hbigram                       bigram       000000
__Hbss                          bss          000000
__HbssBANK1                     bssBANK1     000000
__HbssBANK2                     bssBANK2     000000
__HbssCOMRAM                    bssCOMRAM    000000
__Hcinit                        cinit        000000
__Hclrtext                      clrtext      000000
__Hcomram                       comram       000000
__Hconfig                       config       30000E
__Hconst                        const        000000
__HcstackCOMRAM                 cstackCOMRAM 000000
__Hdata                         data         000000
__HdataCOMRAM                   dataCOMRAM   000000
__Heeprom_data                  eeprom_data  000000
__Hfarbss                       farbss       000000
__Hfardata                      fardata      000000
__Hibigdata                     ibigdata     000000
__Hidata                        idata        000000
__HidataCOMRAM                  idataCOMRAM  000000
__Hidloc                        idloc        200008
__Hifardata                     ifardata     000000
__Hinit                         init         000004
__Hintcode                      intcode      000000
__Hintcode_body                 intcode_body 000000
__Hintcodelo                    intcodelo    000000
__Hintentry                     intentry     000000
__Hintret                       intret       000000
__Hintsave_regs                 intsave_regs 000000
__Hirdata                       irdata       000000
__Hmediumconst                  mediumconst  008000
__HnvFARRAM                     nvFARRAM     000000
__Hnvbit                        nvbit        000000
__Hnvrram                       nvrram       000000
__Hparam                        rparam       000000
__Hpowerup                      powerup      000000
__Hram                          ram          000000
__Hramtop                       ramtop       000800
__Hrbit                         rbit         000000
__Hrbss                         rbss         000000
__Hrdata                        rdata        000000
__Hreset_vec                    reset_vec    000000
__Hrparam                       rparam       000000
__Hsfr                          sfr          000000
__Hsmallconst                   smallconst   000000
__Hspace_0                      (abs)        30000E
__Hspace_1                      (abs)        0002D8
__Hspace_2                      (abs)        000000
__Hstack                        stack        000000
__Hstruct                       struct       000000
__Htemp                         temp         000000
__Htext                         text         000000
__Htext0                        text0        000000
__Htext1                        text1        000000
__Htext10                       text10       000000
__Htext11                       text11       000000
__Htext12                       text12       000000
__Htext13                       text13       000000
__Htext14                       text14       000000
__Htext2                        text2        000000
__Htext3                        text3        000000
__Htext4                        text4        000000
__Htext5                        text5        000000
__Htext6                        text6        000000
__Htext7                        text7        000000
__Htext8                        text8        000000
__Htext9                        text9        000000
__LRAM                          (abs)        000001
__Labs1                         abs1         000000
__Lbank0                        bank0        000000
__Lbank1                        bank1        000000
__Lbank2                        bank2        000000
__Lbank3                        bank3        000000
__Lbank4                        bank4        000000
__Lbank5                        bank5        000000
__Lbank6                        bank6        000000
__Lbank7                        bank7        000000
__Lbigbss                       bigbss       000000
__Lbigdata                      bigdata      000000
__Lbigram                       bigram       000000
__Lbss                          bss          000000
__LbssBANK1                     bssBANK1     000000
__LbssBANK2                     bssBANK2     000000
__LbssCOMRAM                    bssCOMRAM    000000
__Lcinit                        cinit        000000
__Lclrtext                      clrtext      000000
__Lcomram                       comram       000000
__Lconfig                       config       300000
__Lconst                        const        000000
__LcstackCOMRAM                 cstackCOMRAM 000000
__Ldata                         data         000000
__LdataCOMRAM                   dataCOMRAM   000000
__Leeprom_data                  eeprom_data  000000
__Lfarbss                       farbss       000000
__Lfardata                      fardata      000000
__Libigdata                     ibigdata     000000
__Lidata                        idata        000000
__LidataCOMRAM                  idataCOMRAM  000000
__Lidloc                        idloc        200000
__Lifardata                     ifardata     000000
__Linit                         init         000000
__Lintcode                      intcode      000000
__Lintcode_body                 intcode_body 000000
__Lintcodelo                    intcodelo    000000
__Lintentry                     intentry     000000
__Lintret                       intret       000000
__Lintsave_regs                 intsave_regs 000000
__Lirdata                       irdata       000000
__Lmediumconst                  mediumconst  00773A
__LnvFARRAM                     nvFARRAM     000000
__Lnvbit                        nvbit        000000
__Lnvrram                       nvrram       000000
__Lparam                        rparam       000000
__Lpowerup                      powerup      000000
__Lram                          ram          000000
__Lramtop                       ramtop       000800
__Lrbit                         rbit         000000
__Lrbss                         rbss         000000
__Lrdata                        rdata        000000
__Lreset_vec                    reset_vec    000000
__Lrparam                       rparam       000000
__Lsfr                          sfr          000000
__Lsmallconst                   smallconst   000000
__Lspace_0                      (abs)        000000
__Lspace_1                      (abs)        000000
__Lspace_2                      (abs)        000000
__Lstack                        stack        000000
__Lstruct                       struct       000000
__Ltemp                         temp         000000
__Ltext                         text         000000
__Ltext0                        text0        000000
__Ltext1                        text1        000000
__Ltext10                       text10       000000
__Ltext11                       text11       000000
__Ltext12                       text12       000000
__Ltext13                       text13       000000
__Ltext14                       text14       000000
__Ltext2                        text2        000000
__Ltext3                        text3        000000
__Ltext4                        text4        000000
__Ltext5                        text5        000000
__Ltext6                        text6        000000
__Ltext7                        text7        000000
__Ltext8                        text8        000000
__Ltext9                        text9        000000
__S0                            (abs)        30000E
__S1                            (abs)        0002D8
__S2                            (abs)        000000
___awdiv                        text9        005782
___awdiv@counter                cstackCOMRAM 000005
___awdiv@dividend               cstackCOMRAM 000001
___awdiv@divisor                cstackCOMRAM 000003
___awdiv@quotient               cstackCOMRAM 000007
___awdiv@sign                   cstackCOMRAM 000006
___awmod                        text14       005712
___awmod@counter                cstackCOMRAM 000013
___awmod@dividend               cstackCOMRAM 00000F
___awmod@divisor                cstackCOMRAM 000011
___awmod@sign                   cstackCOMRAM 000014
___inthi_sp                     stack        000000
___intlo_sp                     stack        000000
___lmul                         text13       00564E
___lmul@multiplicand            cstackCOMRAM 000005
___lmul@multiplier              cstackCOMRAM 000001
___lmul@product                 cstackCOMRAM 000009
___param_bank                   (abs)        000000
___rparam_used                  (abs)        000001
___sp                           stack        000000
__accesstop                     (abs)        000060
__activetblptr                  (abs)        000002
__end_of_Font3x6                mediumconst  007FFE
__end_of_Font8x8                mediumconst  007F3B
__end_of___awdiv                text9        005806
__end_of___awmod                text14       005782
__end_of___lmul                 text13       0056A4
__end_of__initialization        cinit        0055F2
__end_of_createRandomShape      text11       00773A
__end_of_delay                  text10       00554A
__end_of_display_grid           text5        005C14
__end_of_glcd_FillScreen        text4        005712
__end_of_glcd_Init              text3        005976
__end_of_glcd_PlotPixel         text6        0058B8
__end_of_glcd_ReadByte          text8        005580
__end_of_glcd_WriteByte         text7        0055B6
__end_of_gravity                text2        006292
__end_of_main                   text0        005A72
__end_of_rand                   text12       00564E
__end_of_update_display_shapes  text1        005EB4
__initialization                cinit        0055B6
__mediumconst                   mediumconst  00773A
__pbssBANK1                     bssBANK1     000100
__pbssBANK2                     bssBANK2     000200
__pbssCOMRAM                    bssCOMRAM    000041
__pcinit                        cinit        0055B6
__pcstackCOMRAM                 cstackCOMRAM 000001
__pdataCOMRAM                   dataCOMRAM   00003D
__pidataCOMRAM                  idataCOMRAM  00552C
__pmediumconst                  mediumconst  00773A
__ptext0                        text0        005976
__ptext1                        text1        005C14
__ptext10                       text10       005530
__ptext11                       text11       006292
__ptext12                       text12       0055FC
__ptext13                       text13       00564E
__ptext14                       text14       005712
__ptext2                        text2        005EB4
__ptext3                        text3        0058B8
__ptext4                        text4        0056A4
__ptext5                        text5        005A72
__ptext6                        text6        005806
__ptext7                        text7        005580
__ptext8                        text8        00554A
__ptext9                        text9        005782
__ramtop                        ramtop       000800
__size_of___awdiv               (abs)        000000
__size_of___awmod               (abs)        000000
__size_of___lmul                (abs)        000000
__size_of_createRandomShape     (abs)        000000
__size_of_delay                 (abs)        000000
__size_of_display_grid          (abs)        000000
__size_of_glcd_FillScreen       (abs)        000000
__size_of_glcd_Init             (abs)        000000
__size_of_glcd_PlotPixel        (abs)        000000
__size_of_glcd_ReadByte         (abs)        000000
__size_of_glcd_WriteByte        (abs)        000000
__size_of_gravity               (abs)        000000
__size_of_main                  (abs)        000000
__size_of_rand                  (abs)        000000
__size_of_update_display_shapes (abs)        000000
__smallconst                    smallconst   000000
_all_shapes                     bssBANK1     000100
_array_data                     bssBANK2     000200
_createRandomShape              text11       006292
_delay                          text10       005530
_display_grid                   text5        005A72
_glcd_FillScreen                text4        0056A4
_glcd_Init                      text3        0058B8
_glcd_PlotPixel                 text6        005806
_glcd_ReadByte                  text8        00554A
_glcd_WriteByte                 text7        005580
_gravity                        text2        005EB4
_main                           text0        005976
_rand                           text12       0055FC
_randx                          dataCOMRAM   00003D
_update_display_shapes          text1        005C14
_x                              bssCOMRAM    000042
_y                              bssCOMRAM    000041
createRandomShape@i             cstackCOMRAM 000034
createRandomShape@k             cstackCOMRAM 00001E
createRandomShape@k_100         cstackCOMRAM 00002C
createRandomShape@k_101         cstackCOMRAM 00002D
createRandomShape@k_102         cstackCOMRAM 00002E
createRandomShape@k_84          cstackCOMRAM 00001F
createRandomShape@k_85          cstackCOMRAM 000020
createRandomShape@k_86          cstackCOMRAM 000021
createRandomShape@k_88          cstackCOMRAM 000022
createRandomShape@k_89          cstackCOMRAM 000023
createRandomShape@k_90          cstackCOMRAM 000024
createRandomShape@k_91          cstackCOMRAM 000025
createRandomShape@k_93          cstackCOMRAM 000026
createRandomShape@k_94          cstackCOMRAM 000027
createRandomShape@k_95          cstackCOMRAM 000028
createRandomShape@k_96          cstackCOMRAM 000029
createRandomShape@k_98          cstackCOMRAM 00002A
createRandomShape@k_99          cstackCOMRAM 00002B
createRandomShape@orientation   cstackCOMRAM 000033
createRandomShape@start         cstackCOMRAM 00002F
createRandomShape@start_87      cstackCOMRAM 000030
createRandomShape@start_92      cstackCOMRAM 000031
createRandomShape@start_97      cstackCOMRAM 000032
createRandomShape@type          cstackCOMRAM 00001D
delay@c                         cstackCOMRAM 000001
display_grid@i                  cstackCOMRAM 000013
display_grid@j                  cstackCOMRAM 000012
end_of_initialization           cinit        0055F2
glcd_FillScreen@color           cstackCOMRAM 00000B
glcd_FillScreen@i               cstackCOMRAM 00000D
glcd_FillScreen@j               cstackCOMRAM 00000C
glcd_Init@mode                  cstackCOMRAM 00000F
glcd_PlotPixel@color            cstackCOMRAM 00000C
glcd_PlotPixel@data             cstackCOMRAM 000010
glcd_PlotPixel@side             cstackCOMRAM 000011
glcd_PlotPixel@xpos             cstackCOMRAM 00000F
glcd_PlotPixel@ypos             cstackCOMRAM 00000B
glcd_ReadByte@data              cstackCOMRAM 000002
glcd_ReadByte@side              cstackCOMRAM 000001
glcd_WriteByte@data             cstackCOMRAM 000009
glcd_WriteByte@side             cstackCOMRAM 00000A
gravity@a                       cstackCOMRAM 00000B
gravity@b                       cstackCOMRAM 00000C
gravity@i                       cstackCOMRAM 00000E
gravity@index                   cstackCOMRAM 000010
gravity@j                       cstackCOMRAM 00000D
gravity@j_74                    cstackCOMRAM 00000F
intlevel0                       text         000000
intlevel1                       text         000000
intlevel2                       text         000000
intlevel3                       text         000000
main@i                          cstackCOMRAM 00003B
main@i_113                      cstackCOMRAM 000039
main@index                      cstackCOMRAM 000038
main@next                       cstackCOMRAM 000037
main@y                          cstackCOMRAM 00003C
main@y_114                      cstackCOMRAM 00003A
stackhi                         (abs)        0007FF
stacklo                         (abs)        0002D8
start                           init         000000
start_initialization            cinit        0055B6
update_display_shapes@i         cstackCOMRAM 00001C
update_display_shapes@j         cstackCOMRAM 00001D
update_display_shapes@m         cstackCOMRAM 000018
update_display_shapes@m_66      cstackCOMRAM 00001A
update_display_shapes@n         cstackCOMRAM 000019
update_display_shapes@n_67      cstackCOMRAM 00001B
update_display_shapes@operation cstackCOMRAM 000017
update_display_shapes@x         cstackCOMRAM 00001F
update_display_shapes@y         cstackCOMRAM 00001E


FUNCTION INFORMATION:

 *************** function _main *****************
 Defined at:
		line 603 in file "main.c"
 Parameters:    Size  Location     Type
		None
 Auto vars:     Size  Location     Type
  y               1   57[COMRAM] unsigned char 
  y               1   59[COMRAM] unsigned char 
  i               1   56[COMRAM] unsigned char 
  i               1   58[COMRAM] unsigned char 
  index           1   55[COMRAM] unsigned char 
  next            1   54[COMRAM] unsigned char 
 Return value:  Size  Location     Type
                  1    wreg      void 
 Registers used:
		wreg, fsr1l, fsr1h, fsr2l, fsr2h, status,2, status,0, prodl, prodh, cstack
 Tracked objects:
		On entry : 
		On exit  : 
		Unchanged: 
 Data sizes:     COMRAM   BANK0   BANK1   BANK2   BANK3   BANK4   BANK5   BANK6   BANK7
      Params:         0       0       0       0       0       0       0       0       0
      Locals:         6       0       0       0       0       0       0       0       0
      Temps:          2       0       0       0       0       0       0       0       0
      Totals:         8       0       0       0       0       0       0       0       0
Total ram usage:        8 bytes
 Hardware stack levels required when called:    3
 This function calls:
		_createRandomShape
		_delay
		_display_grid
		_glcd_Init
		_gravity
		_update_display_shapes
 This function is called by:
		Startup code after reset
 This function uses a non-reentrant model


 *************** function _update_display_shapes *****************
 Defined at:
		line 65 in file "main.c"
 Parameters:    Size  Location     Type
  operation       1    wreg     unsigned char 
 Auto vars:     Size  Location     Type
  operation       1   22[COMRAM] unsigned char 
  n               1   26[COMRAM] unsigned char 
  n               1   24[COMRAM] unsigned char 
  m               1   25[COMRAM] unsigned char 
  m               1   23[COMRAM] unsigned char 
  j               1   28[COMRAM] unsigned char 
  x               1   30[COMRAM] unsigned char 
  y               1   29[COMRAM] unsigned char 
  i               1   27[COMRAM] unsigned char 
 Return value:  Size  Location     Type
                  1    wreg      void 
 Registers used:
		wreg, fsr2l, fsr2h, status,2, status,0, prodl, prodh, cstack
 Tracked objects:
		On entry : 
		On exit  : 
		Unchanged: 
 Data sizes:     COMRAM   BANK0   BANK1   BANK2   BANK3   BANK4   BANK5   BANK6   BANK7
      Params:         0       0       0       0       0       0       0       0       0
      Locals:         9       0       0       0       0       0       0       0       0
      Temps:          5       0       0       0       0       0       0       0       0
      Totals:        14       0       0       0       0       0       0       0       0
Total ram usage:       14 bytes
 Hardware stack levels used:    1
 Hardware stack levels required when called:    2
 This function calls:
		_glcd_PlotPixel
 This function is called by:
		_main
 This function uses a non-reentrant model


 *************** function _gravity *****************
 Defined at:
		line 192 in file "main.c"
 Parameters:    Size  Location     Type
  index           1    wreg     unsigned char 
 Auto vars:     Size  Location     Type
  index           1   15[COMRAM] unsigned char 
  j               1   12[COMRAM] unsigned char 
  j               1   14[COMRAM] unsigned char 
  i               1   13[COMRAM] unsigned char 
  b               1   11[COMRAM] unsigned char 
  a               1   10[COMRAM] unsigned char 
 Return value:  Size  Location     Type
                  1    wreg      unsigned char 
 Registers used:
		wreg, fsr1l, fsr1h, fsr2l, fsr2h, status,2, status,0, prodl, prodh
 Tracked objects:
		On entry : 
		On exit  : 
		Unchanged: 
 Data sizes:     COMRAM   BANK0   BANK1   BANK2   BANK3   BANK4   BANK5   BANK6   BANK7
      Params:         0       0       0       0       0       0       0       0       0
      Locals:         6       0       0       0       0       0       0       0       0
      Temps:         10       0       0       0       0       0       0       0       0
      Totals:        16       0       0       0       0       0       0       0       0
Total ram usage:       16 bytes
 Hardware stack levels used:    1
 This function calls:
		Nothing
 This function is called by:
		_main
 This function uses a non-reentrant model


 *************** function _glcd_Init *****************
 Defined at:
		line 339 in file "glcd_library/glcd.c"
 Parameters:    Size  Location     Type
  mode            1    wreg     unsigned char 
 Auto vars:     Size  Location     Type
  mode            1   14[COMRAM] unsigned char 
  k               1    0        unsigned char 
  j               1    0        unsigned char 
  i               1    0        unsigned char 
 Return value:  Size  Location     Type
                  1    wreg      void 
 Registers used:
		wreg, status,2, status,0, prodl, prodh, cstack
 Tracked objects:
		On entry : 
		On exit  : 
		Unchanged: 
 Data sizes:     COMRAM   BANK0   BANK1   BANK2   BANK3   BANK4   BANK5   BANK6   BANK7
      Params:         0       0       0       0       0       0       0       0       0
      Locals:         1       0       0       0       0       0       0       0       0
      Temps:          1       0       0       0       0       0       0       0       0
      Totals:         2       0       0       0       0       0       0       0       0
Total ram usage:        2 bytes
 Hardware stack levels used:    1
 Hardware stack levels required when called:    2
 This function calls:
		_glcd_FillScreen
		_glcd_WriteByte
 This function is called by:
		_main
 This function uses a non-reentrant model


 *************** function _glcd_FillScreen *****************
 Defined at:
		line 529 in file "glcd_library/glcd.c"
 Parameters:    Size  Location     Type
  color           1    wreg     unsigned char 
 Auto vars:     Size  Location     Type
  color           1   10[COMRAM] unsigned char 
  i               1   12[COMRAM] unsigned char 
  j               1   11[COMRAM] unsigned char 
 Return value:  Size  Location     Type
                  1    wreg      void 
 Registers used:
		wreg, status,2, status,0, prodl, prodh, cstack
 Tracked objects:
		On entry : 
		On exit  : 
		Unchanged: 
 Data sizes:     COMRAM   BANK0   BANK1   BANK2   BANK3   BANK4   BANK5   BANK6   BANK7
      Params:         0       0       0       0       0       0       0       0       0
      Locals:         3       0       0       0       0       0       0       0       0
      Temps:          0       0       0       0       0       0       0       0       0
      Totals:         3       0       0       0       0       0       0       0       0
Total ram usage:        3 bytes
 Hardware stack levels used:    1
 Hardware stack levels required when called:    1
 This function calls:
		_glcd_WriteByte
 This function is called by:
		_glcd_Init
 This function uses a non-reentrant model


 *************** function _display_grid *****************
 Defined at:
		line 37 in file "main.c"
 Parameters:    Size  Location     Type
		None
 Auto vars:     Size  Location     Type
  j               1   17[COMRAM] unsigned char 
  i               1   18[COMRAM] unsigned char 
 Return value:  Size  Location     Type
                  1    wreg      void 
 Registers used:
		wreg, status,2, status,0, cstack
 Tracked objects:
		On entry : 
		On exit  : 
		Unchanged: 
 Data sizes:     COMRAM   BANK0   BANK1   BANK2   BANK3   BANK4   BANK5   BANK6   BANK7
      Params:         0       0       0       0       0       0       0       0       0
      Locals:         2       0       0       0       0       0       0       0       0
      Temps:          0       0       0       0       0       0       0       0       0
      Totals:         2       0       0       0       0       0       0       0       0
Total ram usage:        2 bytes
 Hardware stack levels used:    1
 Hardware stack levels required when called:    2
 This function calls:
		_glcd_PlotPixel
 This function is called by:
		_main
 This function uses a non-reentrant model


 *************** function _glcd_PlotPixel *****************
 Defined at:
		line 469 in file "glcd_library/glcd.c"
 Parameters:    Size  Location     Type
  xpos            1    wreg     unsigned char 
  ypos            1   10[COMRAM] unsigned char 
  color           1   11[COMRAM] unsigned char 
 Auto vars:     Size  Location     Type
  xpos            1   14[COMRAM] unsigned char 
  side            1   16[COMRAM] unsigned char 
  data            1   15[COMRAM] unsigned char 
 Return value:  Size  Location     Type
                  1    wreg      void 
 Registers used:
		wreg, status,2, status,0, cstack
 Tracked objects:
		On entry : 
		On exit  : 
		Unchanged: 
 Data sizes:     COMRAM   BANK0   BANK1   BANK2   BANK3   BANK4   BANK5   BANK6   BANK7
      Params:         2       0       0       0       0       0       0       0       0
      Locals:         3       0       0       0       0       0       0       0       0
      Temps:          2       0       0       0       0       0       0       0       0
      Totals:         7       0       0       0       0       0       0       0       0
Total ram usage:        7 bytes
 Hardware stack levels used:    1
 Hardware stack levels required when called:    1
 This function calls:
		___awdiv
		_glcd_ReadByte
		_glcd_WriteByte
 This function is called by:
		_display_grid
		_update_display_shapes
		_glcd_Rect
 This function uses a non-reentrant model


 *************** function _glcd_WriteByte *****************
 Defined at:
		line 394 in file "glcd_library/glcd.c"
 Parameters:    Size  Location     Type
  side            1    wreg     unsigned char 
  data            1    8[COMRAM] unsigned char 
 Auto vars:     Size  Location     Type
  side            1    9[COMRAM] unsigned char 
 Return value:  Size  Location     Type
                  1    wreg      void 
 Registers used:
		wreg, status,2
 Tracked objects:
		On entry : 
		On exit  : 
		Unchanged: 
 Data sizes:     COMRAM   BANK0   BANK1   BANK2   BANK3   BANK4   BANK5   BANK6   BANK7
      Params:         1       0       0       0       0       0       0       0       0
      Locals:         1       0       0       0       0       0       0       0       0
      Temps:          0       0       0       0       0       0       0       0       0
      Totals:         2       0       0       0       0       0       0       0       0
Total ram usage:        2 bytes
 Hardware stack levels used:    1
 This function calls:
		Nothing
 This function is called by:
		_glcd_Init
		_glcd_PlotPixel
		_glcd_FillScreen
		_glcd_SetCursor
		_glcd_WriteChar8X8
		_glcd_WriteChar3x6
		_glcd_Image
 This function uses a non-reentrant model


 *************** function _glcd_ReadByte *****************
 Defined at:
		line 431 in file "glcd_library/glcd.c"
 Parameters:    Size  Location     Type
  side            1    wreg     unsigned char 
 Auto vars:     Size  Location     Type
  side            1    0[COMRAM] unsigned char 
  data            1    1[COMRAM] unsigned char 
 Return value:  Size  Location     Type
                  1    wreg      unsigned char 
 Registers used:
		wreg, status,2, cstack
 Tracked objects:
		On entry : 
		On exit  : 
		Unchanged: 
 Data sizes:     COMRAM   BANK0   BANK1   BANK2   BANK3   BANK4   BANK5   BANK6   BANK7
      Params:         0       0       0       0       0       0       0       0       0
      Locals:         2       0       0       0       0       0       0       0       0
      Temps:          0       0       0       0       0       0       0       0       0
      Totals:         2       0       0       0       0       0       0       0       0
Total ram usage:        2 bytes
 Hardware stack levels used:    1
 This function calls:
		Nothing
 This function is called by:
		_glcd_PlotPixel
 This function uses a non-reentrant model


 *************** function ___awdiv *****************
 Defined at:
		line 8 in file "C:\Program Files (x86)\Microchip\xc8\v1.43\sources\common\awdiv.c"
 Parameters:    Size  Location     Type
  dividend        2    0[COMRAM] int 
  divisor         2    2[COMRAM] int 
 Auto vars:     Size  Location     Type
  quotient        2    6[COMRAM] int 
  sign            1    5[COMRAM] unsigned char 
  counter         1    4[COMRAM] unsigned char 
 Return value:  Size  Location     Type
                  2    0[COMRAM] int 
 Registers used:
		wreg, status,2, status,0
 Tracked objects:
		On entry : 
		On exit  : 
		Unchanged: 
 Data sizes:     COMRAM   BANK0   BANK1   BANK2   BANK3   BANK4   BANK5   BANK6   BANK7
      Params:         4       0       0       0       0       0       0       0       0
      Locals:         4       0       0       0       0       0       0       0       0
      Temps:          0       0       0       0       0       0       0       0       0
      Totals:         8       0       0       0       0       0       0       0       0
Total ram usage:        8 bytes
 Hardware stack levels used:    1
 This function calls:
		Nothing
 This function is called by:
		_glcd_PlotPixel
 This function uses a non-reentrant model


 *************** function _delay *****************
 Defined at:
		line 231 in file "main.c"
 Parameters:    Size  Location     Type
		None
 Auto vars:     Size  Location     Type
  c               2    0[COMRAM] unsigned int 
  d               2    0        unsigned int 
 Return value:  Size  Location     Type
                  1    wreg      void 
 Registers used:
		wreg, status,2, status,0
 Tracked objects:
		On entry : 
		On exit  : 
		Unchanged: 
 Data sizes:     COMRAM   BANK0   BANK1   BANK2   BANK3   BANK4   BANK5   BANK6   BANK7
      Params:         0       0       0       0       0       0       0       0       0
      Locals:         2       0       0       0       0       0       0       0       0
      Temps:          0       0       0       0       0       0       0       0       0
      Totals:         2       0       0       0       0       0       0       0       0
Total ram usage:        2 bytes
 Hardware stack levels used:    1
 This function calls:
		Nothing
 This function is called by:
		_main
 This function uses a non-reentrant model


 *************** function _createRandomShape *****************
 Defined at:
		line 241 in file "main.c"
 Parameters:    Size  Location     Type
  i               1    wreg     unsigned char 
 Auto vars:     Size  Location     Type
  i               1   51[COMRAM] unsigned char 
  k               1   44[COMRAM] unsigned char 
  k               1   43[COMRAM] unsigned char 
  k               1   42[COMRAM] unsigned char 
  k               1   41[COMRAM] unsigned char 
  k               1   40[COMRAM] unsigned char 
  k               1   39[COMRAM] unsigned char 
  k               1   38[COMRAM] unsigned char 
  k               1   37[COMRAM] unsigned char 
  k               1   36[COMRAM] unsigned char 
  k               1   35[COMRAM] unsigned char 
  k               1   34[COMRAM] unsigned char 
  k               1   33[COMRAM] unsigned char 
  k               1   32[COMRAM] unsigned char 
  k               1   31[COMRAM] unsigned char 
  k               1   30[COMRAM] unsigned char 
  k               1   29[COMRAM] unsigned char 
  start           1   49[COMRAM] unsigned char 
  start           1   48[COMRAM] unsigned char 
  start           1   47[COMRAM] unsigned char 
  start           1   46[COMRAM] unsigned char 
  k               1   45[COMRAM] unsigned char 
  orientation     1   50[COMRAM] unsigned char 
  type            1   28[COMRAM] unsigned char 
 Return value:  Size  Location     Type
                  1    wreg      void 
 Registers used:
		wreg, fsr2l, fsr2h, status,2, status,0, prodl, prodh, cstack
 Tracked objects:
		On entry : 
		On exit  : 
		Unchanged: 
 Data sizes:     COMRAM   BANK0   BANK1   BANK2   BANK3   BANK4   BANK5   BANK6   BANK7
      Params:         0       0       0       0       0       0       0       0       0
      Locals:        24       0       0       0       0       0       0       0       0
      Temps:          8       0       0       0       0       0       0       0       0
      Totals:        32       0       0       0       0       0       0       0       0
Total ram usage:       32 bytes
 Hardware stack levels used:    1
 Hardware stack levels required when called:    2
 This function calls:
		___awmod
		_rand
 This function is called by:
		_main
 This function uses a non-reentrant model


 *************** function _rand *****************
 Defined at:
		line 12 in file "C:\Program Files (x86)\Microchip\xc8\v1.43\sources\common\rand.c"
 Parameters:    Size  Location     Type
		None
 Auto vars:     Size  Location     Type
		None
 Return value:  Size  Location     Type
                  2   12[COMRAM] int 
 Registers used:
		wreg, status,2, status,0, cstack
 Tracked objects:
		On entry : 
		On exit  : 
		Unchanged: 
 Data sizes:     COMRAM   BANK0   BANK1   BANK2   BANK3   BANK4   BANK5   BANK6   BANK7
      Params:         2       0       0       0       0       0       0       0       0
      Locals:         0       0       0       0       0       0       0       0       0
      Temps:          0       0       0       0       0       0       0       0       0
      Totals:         2       0       0       0       0       0       0       0       0
Total ram usage:        2 bytes
 Hardware stack levels used:    1
 Hardware stack levels required when called:    1
 This function calls:
		___lmul
 This function is called by:
		_createRandomShape
 This function uses a non-reentrant model


 *************** function ___lmul *****************
 Defined at:
		line 15 in file "C:\Program Files (x86)\Microchip\xc8\v1.43\sources\common\Umul32.c"
 Parameters:    Size  Location     Type
  multiplier      4    0[COMRAM] unsigned long 
  multiplicand    4    4[COMRAM] unsigned long 
 Auto vars:     Size  Location     Type
  product         4    8[COMRAM] unsigned long 
 Return value:  Size  Location     Type
                  4    0[COMRAM] unsigned long 
 Registers used:
		wreg, status,2, status,0
 Tracked objects:
		On entry : 
		On exit  : 
		Unchanged: 
 Data sizes:     COMRAM   BANK0   BANK1   BANK2   BANK3   BANK4   BANK5   BANK6   BANK7
      Params:         8       0       0       0       0       0       0       0       0
      Locals:         4       0       0       0       0       0       0       0       0
      Temps:          0       0       0       0       0       0       0       0       0
      Totals:        12       0       0       0       0       0       0       0       0
Total ram usage:       12 bytes
 Hardware stack levels used:    1
 This function calls:
		Nothing
 This function is called by:
		_rand
 This function uses a non-reentrant model


 *************** function ___awmod *****************
 Defined at:
		line 8 in file "C:\Program Files (x86)\Microchip\xc8\v1.43\sources\common\awmod.c"
 Parameters:    Size  Location     Type
  dividend        2   14[COMRAM] int 
  divisor         2   16[COMRAM] int 
 Auto vars:     Size  Location     Type
  sign            1   19[COMRAM] unsigned char 
  counter         1   18[COMRAM] unsigned char 
 Return value:  Size  Location     Type
                  2   14[COMRAM] int 
 Registers used:
		wreg, status,2, status,0
 Tracked objects:
		On entry : 
		On exit  : 
		Unchanged: 
 Data sizes:     COMRAM   BANK0   BANK1   BANK2   BANK3   BANK4   BANK5   BANK6   BANK7
      Params:         4       0       0       0       0       0       0       0       0
      Locals:         2       0       0       0       0       0       0       0       0
      Temps:          0       0       0       0       0       0       0       0       0
      Totals:         6       0       0       0       0       0       0       0       0
Total ram usage:        6 bytes
 Hardware stack levels used:    1
 This function calls:
		Nothing
 This function is called by:
		_createRandomShape
 This function uses a non-reentrant model



MODULE INFORMATION

Module		Function		Class		Link	Load	Size
C:\Program Files (x86)\Microchip\xc8\v1.43\sources\common\Umul32.c
		___lmul        		CODE           	564E	0000	87

C:\Program Files (x86)\Microchip\xc8\v1.43\sources\common\Umul32.c estimated size: 87

C:\Program Files (x86)\Microchip\xc8\v1.43\sources\common\awdiv.c
		___awdiv       		CODE           	5782	0000	133

C:\Program Files (x86)\Microchip\xc8\v1.43\sources\common\awdiv.c estimated size: 133

C:\Program Files (x86)\Microchip\xc8\v1.43\sources\common\rand.c
		_rand          		CODE           	55FC	0000	83

C:\Program Files (x86)\Microchip\xc8\v1.43\sources\common\rand.c estimated size: 83

shared
		_Font3x6       		MEDIUMCONST    	7F3B	0000	196
		_Font8x8       		MEDIUMCONST    	773B	0000	2049
		__initialization		CODE           	55B6	0000	61

shared estimated size: 2306

main.c
		_update_display_shapes		CODE           	5C14	0000	673
		_delay         		CODE           	5530	0000	27
		_gravity       		CODE           	5EB4	0000	991
		_display_grid  		CODE           	5A72	0000	419
		_main          		CODE           	5976	0000	253
		_createRandomShape		CODE           	6292	0000	5289

main.c estimated size: 7652

C:\Program Files (x86)\Microchip\xc8\v1.43\sources\common\awmod.c
		___awmod       		CODE           	5712	0000	113

C:\Program Files (x86)\Microchip\xc8\v1.43\sources\common\awmod.c estimated size: 113

glcd_library/glcd.c
		_glcd_WriteByte		CODE           	5580	0000	55
		_glcd_Init     		CODE           	58B8	0000	191
		_glcd_ReadByte 		CODE           	554A	0000	55
		_glcd_FillScreen		CODE           	56A4	0000	111
		_glcd_PlotPixel		CODE           	5806	0000	179

glcd_library/glcd.c estimated size: 591

