Microchip MPLAB XC8 Compiler V1.43 ()

Linker command line:

-W-3 --edf=C:\Program Files (x86)\Microchip\xc8\v1.43\dat\en_msgs.txt -cs \
  -h+dist/default/production\Tetris.X.production.sym \
  --cmf=dist/default/production\Tetris.X.production.cmf -z -Q18F4550 \
  -oC:\Users\marie\AppData\Local\Temp\s18a0.2 \
  -Mdist/default/production/Tetris.X.production.map -E1 -ver=XC8 \
  -ASTACK=02D8h-07ffh -pstack=STACK -ACODE=00h-07FFFh -ACONST=00h-07FFFh \
  -ASMALLCONST=0800h-08FFhx120 -AMEDIUMCONST=0800h-07FFFh -ACOMRAM=01h-05Fh \
  -AABS1=00h-07FFh -ABIGRAM=01h-07FFh -ARAM=060h-0FFh,0100h-01FFhx7 \
  -ABANK0=060h-0FFh -ABANK1=0100h-01FFh -ABANK2=0200h-02FFh \
  -ABANK3=0300h-03FFh -ABANK4=0400h-04FFh -ABANK5=0500h-05FFh \
  -ABANK6=0600h-06FFh -ABANK7=0700h-07FFh -ASFR=0F60h-0FFFh \
  -preset_vec=00h,intcode,intcodelo,powerup,init -pramtop=0800h \
  -psmallconst=SMALLCONST -pmediumconst=MEDIUMCONST -pconst=CONST \
  -AFARRAM=00h-00h -ACONFIG=0300000h-030000Dh -pconfig=CONFIG \
  -AIDLOC=0200000h-0200007h -pidloc=IDLOC -AEEDATA=0F00000h-0F000FFh \
  -peeprom_data=EEDATA \
  -prdata=COMRAM,nvrram=COMRAM,nvbit=COMRAM,rbss=COMRAM,rbit=COMRAM \
  -pfarbss=FARRAM,fardata=FARRAM,nvFARRAM=FARRAM \
  -pintsave_regs=BIGRAM,bigbss=BIGRAM,bigdata=BIGRAM -pbss=RAM \
  -pidata=CODE,irdata=CODE,ibigdata=CODE,ifardata=CODE -prparam=COMRAM \
  C:\Users\marie\AppData\Local\Temp\s18a0.obj \
  dist/default/production\Tetris.X.production.obj 

Object code version is 3.11

Machine type is 18F4550

Call graph: (short form)




                Name                               Link     Load   Length Selector   Space Scale
C:\Users\marie\AppData\Local\Temp\s18a0.obj
                init                                  0        0        4        0       0
                idloc                            200000   200000        8   200000       0
                config                           300000   300000        E   300000       0
dist/default/production\Tetris.X.production.obj
                mediumconst                        733A     733A      CC6     399D       0
                text16                             5290     5290       70     2948       0
                text15                             51CC     51CC       56     28E6       0
                text14                             517A     517A       52     28BD       0
                text13                             5E92     5E92     14A8     2F49       0
                text12                             507A     507A       1A     283D       0
                text11                             5094     5094       34     284A       0
                text10                             5374     5374       84     29BA       0
                text9                              50C8     50C8       36     2864       0
                text8                              50FE     50FE       36     287F       0
                text7                              53F8     53F8       B2     29FC       0
                text6                              5672     5672      1A2     2B39       0
                text5                              5300     5300       74     2980       0
                text4                              5222     5222       6E     2911       0
                text3                              54AA     54AA       BE     2A55       0
                text2                              5AB4     5AB4      3DE     2D5A       0
                text1                              5814     5814      2A0     2C0A       0
                text0                              5568     5568      10A     2AB4       0
                cstackCOMRAM                          1        1       3C        1       1
                bssBANK2                            200      200       D8      200       1
                bssBANK1                            100      100       B4      100       1
                dataCOMRAM                           3D       3D        4        1       1
                bssCOMRAM                            41       41        2        1       1
                cinit                              5134     5134       46     289A       0
                idataCOMRAM                        5076     5076        4     5076       0

TOTAL           Name                               Link     Load   Length     Space
        CLASS   STACK          

        CLASS   CODE           
                init                                  0        0        4         0
                text16                             5290     5290       70         0
                text15                             51CC     51CC       56         0
                text14                             517A     517A       52         0
                text13                             5E92     5E92     14A8         0
                text12                             507A     507A       1A         0
                text11                             5094     5094       34         0
                text10                             5374     5374       84         0
                text9                              50C8     50C8       36         0
                text8                              50FE     50FE       36         0
                text7                              53F8     53F8       B2         0
                text6                              5672     5672      1A2         0
                text5                              5300     5300       74         0
                text4                              5222     5222       6E         0
                text3                              54AA     54AA       BE         0
                text2                              5AB4     5AB4      3DE         0
                text1                              5814     5814      2A0         0
                text0                              5568     5568      10A         0
                cinit                              5134     5134       46         0
                idataCOMRAM                        5076     5076        4         0

        CLASS   CONST          

        CLASS   SMALLCONST     

        CLASS   MEDIUMCONST    
                mediumconst                        733A     733A      CC6         0

        CLASS   COMRAM         
                cstackCOMRAM                          1        1       3C         1
                dataCOMRAM                           3D       3D        4         1
                bssCOMRAM                            41       41        2         1

        CLASS   ABS1           

        CLASS   BIGRAM         

        CLASS   RAM            

        CLASS   BANK0          

        CLASS   BANK1          
                bssBANK1                            100      100       B4         1

        CLASS   BANK2          
                bssBANK2                            200      200       D8         1

        CLASS   BANK3          

        CLASS   BANK4          

        CLASS   BANK5          

        CLASS   BANK6          

        CLASS   BANK7          

        CLASS   SFR            

        CLASS   FARRAM         

        CLASS   CONFIG         
                config                           300000   300000        E         0

        CLASS   IDLOC          
                idloc                            200000   200000        8         0

        CLASS   EEDATA         



SEGMENTS        Name                           Load    Length   Top    Selector   Space  Class

                reset_vec                      000000  000004  000004         0       0  CODE    
                cstackCOMRAM                   000001  000042  000043         1       1  COMRAM  
                bssBANK1                       000100  0000B4  0001B4       100       1  BANK1   
                bssBANK2                       000200  0000D8  0002D8       200       1  BANK2   
                idataCOMRAM                    005076  000004  00507A      5076       0  CODE    
                text12                         00507A  00001A  005094      283D       0  CODE    
                text11                         005094  000034  0050C8      284A       0  CODE    
                text9                          0050C8  000036  0050FE      2864       0  CODE    
                text8                          0050FE  000036  005134      287F       0  CODE    
                cinit                          005134  000046  00517A      289A       0  CODE    
                text14                         00517A  000052  0051CC      28BD       0  CODE    
                text15                         0051CC  000056  005222      28E6       0  CODE    
                text4                          005222  00006E  005290      2911       0  CODE    
                text16                         005290  000070  005300      2948       0  CODE    
                text5                          005300  000074  005374      2980       0  CODE    
                text10                         005374  000084  0053F8      29BA       0  CODE    
                text7                          0053F8  0000B2  0054AA      29FC       0  CODE    
                text3                          0054AA  0000BE  005568      2A55       0  CODE    
                text0                          005568  00010A  005672      2AB4       0  CODE    
                text6                          005672  0001A2  005814      2B39       0  CODE    
                text1                          005814  0002A0  005AB4      2C0A       0  CODE    
                text2                          005AB4  0003DE  005E92      2D5A       0  CODE    
                text13                         005E92  0014A8  00733A      2F49       0  CODE    
                mediumconst                    00733A  000CC6  008000      399D       0  MEDIUMCO
                idloc                          200000  000008  200008    200000       0  IDLOC   
                config                         300000  00000E  30000E    300000       0  CONFIG  


UNUSED ADDRESS RANGES

        Name                Unused          Largest block    Delta
        BANK0            000060-0000FF               A0
        BANK1            0001B4-0001FF               4C
        BANK2            0002D8-0002FF               28
        BANK3            000300-0003FF              100
        BANK4            000400-0004FF              100
        BANK5            000500-0005FF              100
        BANK6            000600-0006FF              100
        BANK7            000700-0007FF              100
        BIGRAM           000043-0000FF               BD
                         0001B4-0001FF               4C
                         0002D8-0007FF              528
        CODE             000004-005075             5072
        COMRAM           000043-00005F               1D
        CONST            000004-005075             5072
        EEDATA           F00000-F000FF              100
        MEDIUMCONST      000800-005075             4876
        RAM              000060-0000FF               A0
                         0001B4-0001FF               4C
                         0002D8-0007FF              100
        SFR              000F60-000FFF               A0
        SMALLCONST       000800-005075              100
        STACK            0002D8-0007FF              528

                                  Symbol Table

?___awdiv                       cstackCOMRAM 000001
?___awmod                       cstackCOMRAM 00000F
?___lmul                        cstackCOMRAM 000001
?_rand                          cstackCOMRAM 00000D
_ADCON1                         (abs)        000FC1
_Font3x6                        mediumconst  007F3B
_Font8x8                        mediumconst  00733B
_LATBbits                       (abs)        000F8A
_LATD                           (abs)        000F8C
_PORTA                          (abs)        000F80
_PORTB                          (abs)        000F81
_PORTD                          (abs)        000F83
_PORTEbits                      (abs)        000F84
_TRISA                          (abs)        000F92
_TRISB                          (abs)        000F93
_TRISD                          (abs)        000F95
__CFG_FOSC$HS                   (abs)        000000
__CFG_LVP$OFF                   (abs)        000000
__HRAM                          (abs)        000000
__Habs1                         abs1         000000
__Hbank0                        bank0        000000
__Hbank1                        bank1        000000
__Hbank2                        bank2        000000
__Hbank3                        bank3        000000
__Hbank4                        bank4        000000
__Hbank5                        bank5        000000
__Hbank6                        bank6        000000
__Hbank7                        bank7        000000
__Hbigbss                       bigbss       000000
__Hbigdata                      bigdata      000000
__Hbigram                       bigram       000000
__Hbss                          bss          000000
__HbssBANK1                     bssBANK1     000000
__HbssBANK2                     bssBANK2     000000
__HbssCOMRAM                    bssCOMRAM    000000
__Hcinit                        cinit        000000
__Hclrtext                      clrtext      000000
__Hcomram                       comram       000000
__Hconfig                       config       30000E
__Hconst                        const        000000
__HcstackCOMRAM                 cstackCOMRAM 000000
__Hdata                         data         000000
__HdataCOMRAM                   dataCOMRAM   000000
__Heeprom_data                  eeprom_data  000000
__Hfarbss                       farbss       000000
__Hfardata                      fardata      000000
__Hibigdata                     ibigdata     000000
__Hidata                        idata        000000
__HidataCOMRAM                  idataCOMRAM  000000
__Hidloc                        idloc        200008
__Hifardata                     ifardata     000000
__Hinit                         init         000004
__Hintcode                      intcode      000000
__Hintcode_body                 intcode_body 000000
__Hintcodelo                    intcodelo    000000
__Hintentry                     intentry     000000
__Hintret                       intret       000000
__Hintsave_regs                 intsave_regs 000000
__Hirdata                       irdata       000000
__Hmediumconst                  mediumconst  008000
__HnvFARRAM                     nvFARRAM     000000
__Hnvbit                        nvbit        000000
__Hnvrram                       nvrram       000000
__Hparam                        rparam       000000
__Hpowerup                      powerup      000000
__Hram                          ram          000000
__Hramtop                       ramtop       000800
__Hrbit                         rbit         000000
__Hrbss                         rbss         000000
__Hrdata                        rdata        000000
__Hreset_vec                    reset_vec    000000
__Hrparam                       rparam       000000
__Hsfr                          sfr          000000
__Hsmallconst                   smallconst   000000
__Hspace_0                      (abs)        30000E
__Hspace_1                      (abs)        0002D8
__Hspace_2                      (abs)        000000
__Hstack                        stack        000000
__Hstruct                       struct       000000
__Htemp                         temp         000000
__Htext                         text         000000
__Htext0                        text0        000000
__Htext1                        text1        000000
__Htext10                       text10       000000
__Htext11                       text11       000000
__Htext12                       text12       000000
__Htext13                       text13       000000
__Htext14                       text14       000000
__Htext15                       text15       000000
__Htext16                       text16       000000
__Htext2                        text2        000000
__Htext3                        text3        000000
__Htext4                        text4        000000
__Htext5                        text5        000000
__Htext6                        text6        000000
__Htext7                        text7        000000
__Htext8                        text8        000000
__Htext9                        text9        000000
__LRAM                          (abs)        000001
__Labs1                         abs1         000000
__Lbank0                        bank0        000000
__Lbank1                        bank1        000000
__Lbank2                        bank2        000000
__Lbank3                        bank3        000000
__Lbank4                        bank4        000000
__Lbank5                        bank5        000000
__Lbank6                        bank6        000000
__Lbank7                        bank7        000000
__Lbigbss                       bigbss       000000
__Lbigdata                      bigdata      000000
__Lbigram                       bigram       000000
__Lbss                          bss          000000
__LbssBANK1                     bssBANK1     000000
__LbssBANK2                     bssBANK2     000000
__LbssCOMRAM                    bssCOMRAM    000000
__Lcinit                        cinit        000000
__Lclrtext                      clrtext      000000
__Lcomram                       comram       000000
__Lconfig                       config       300000
__Lconst                        const        000000
__LcstackCOMRAM                 cstackCOMRAM 000000
__Ldata                         data         000000
__LdataCOMRAM                   dataCOMRAM   000000
__Leeprom_data                  eeprom_data  000000
__Lfarbss                       farbss       000000
__Lfardata                      fardata      000000
__Libigdata                     ibigdata     000000
__Lidata                        idata        000000
__LidataCOMRAM                  idataCOMRAM  000000
__Lidloc                        idloc        200000
__Lifardata                     ifardata     000000
__Linit                         init         000000
__Lintcode                      intcode      000000
__Lintcode_body                 intcode_body 000000
__Lintcodelo                    intcodelo    000000
__Lintentry                     intentry     000000
__Lintret                       intret       000000
__Lintsave_regs                 intsave_regs 000000
__Lirdata                       irdata       000000
__Lmediumconst                  mediumconst  00733A
__LnvFARRAM                     nvFARRAM     000000
__Lnvbit                        nvbit        000000
__Lnvrram                       nvrram       000000
__Lparam                        rparam       000000
__Lpowerup                      powerup      000000
__Lram                          ram          000000
__Lramtop                       ramtop       000800
__Lrbit                         rbit         000000
__Lrbss                         rbss         000000
__Lrdata                        rdata        000000
__Lreset_vec                    reset_vec    000000
__Lrparam                       rparam       000000
__Lsfr                          sfr          000000
__Lsmallconst                   smallconst   000000
__Lspace_0                      (abs)        000000
__Lspace_1                      (abs)        000000
__Lspace_2                      (abs)        000000
__Lstack                        stack        000000
__Lstruct                       struct       000000
__Ltemp                         temp         000000
__Ltext                         text         000000
__Ltext0                        text0        000000
__Ltext1                        text1        000000
__Ltext10                       text10       000000
__Ltext11                       text11       000000
__Ltext12                       text12       000000
__Ltext13                       text13       000000
__Ltext14                       text14       000000
__Ltext15                       text15       000000
__Ltext16                       text16       000000
__Ltext2                        text2        000000
__Ltext3                        text3        000000
__Ltext4                        text4        000000
__Ltext5                        text5        000000
__Ltext6                        text6        000000
__Ltext7                        text7        000000
__Ltext8                        text8        000000
__Ltext9                        text9        000000
__S0                            (abs)        30000E
__S1                            (abs)        0002D8
__S2                            (abs)        000000
___awdiv                        text10       005374
___awdiv@counter                cstackCOMRAM 000005
___awdiv@dividend               cstackCOMRAM 000001
___awdiv@divisor                cstackCOMRAM 000003
___awdiv@quotient               cstackCOMRAM 000007
___awdiv@sign                   cstackCOMRAM 000006
___awmod                        text16       005290
___awmod@counter                cstackCOMRAM 000013
___awmod@dividend               cstackCOMRAM 00000F
___awmod@divisor                cstackCOMRAM 000011
___awmod@sign                   cstackCOMRAM 000014
___inthi_sp                     stack        000000
___intlo_sp                     stack        000000
___lmul                         text15       0051CC
___lmul@multiplicand            cstackCOMRAM 000005
___lmul@multiplier              cstackCOMRAM 000001
___lmul@product                 cstackCOMRAM 000009
___param_bank                   (abs)        000000
___rparam_used                  (abs)        000001
___sp                           stack        000000
__accesstop                     (abs)        000060
__activetblptr                  (abs)        000002
__end_of_Font3x6                mediumconst  007FFE
__end_of_Font8x8                mediumconst  007B3B
__end_of___awdiv                text10       0053F8
__end_of___awmod                text16       005300
__end_of___lmul                 text15       005222
__end_of__initialization        cinit        005170
__end_of_accueil                mediumconst  007F3B
__end_of_createRandomShape      text13       00733A
__end_of_delay                  text12       005094
__end_of_delayHomeScreen        text11       0050C8
__end_of_display_grid           text6        005814
__end_of_glcd_FillScreen        text4        005290
__end_of_glcd_Image             text5        005374
__end_of_glcd_Init              text3        005568
__end_of_glcd_PlotPixel         text7        0054AA
__end_of_glcd_ReadByte          text9        0050FE
__end_of_glcd_WriteByte         text8        005134
__end_of_gravity                text2        005E92
__end_of_main                   text0        005672
__end_of_rand                   text14       0051CC
__end_of_update_display_shapes  text1        005AB4
__initialization                cinit        005134
__mediumconst                   mediumconst  00733A
__pbssBANK1                     bssBANK1     000100
__pbssBANK2                     bssBANK2     000200
__pbssCOMRAM                    bssCOMRAM    000041
__pcinit                        cinit        005134
__pcstackCOMRAM                 cstackCOMRAM 000001
__pdataCOMRAM                   dataCOMRAM   00003D
__pidataCOMRAM                  idataCOMRAM  005076
__pmediumconst                  mediumconst  00733A
__ptext0                        text0        005568
__ptext1                        text1        005814
__ptext10                       text10       005374
__ptext11                       text11       005094
__ptext12                       text12       00507A
__ptext13                       text13       005E92
__ptext14                       text14       00517A
__ptext15                       text15       0051CC
__ptext16                       text16       005290
__ptext2                        text2        005AB4
__ptext3                        text3        0054AA
__ptext4                        text4        005222
__ptext5                        text5        005300
__ptext6                        text6        005672
__ptext7                        text7        0053F8
__ptext8                        text8        0050FE
__ptext9                        text9        0050C8
__ramtop                        ramtop       000800
__size_of___awdiv               (abs)        000000
__size_of___awmod               (abs)        000000
__size_of___lmul                (abs)        000000
__size_of_createRandomShape     (abs)        000000
__size_of_delay                 (abs)        000000
__size_of_delayHomeScreen       (abs)        000000
__size_of_display_grid          (abs)        000000
__size_of_glcd_FillScreen       (abs)        000000
__size_of_glcd_Image            (abs)        000000
__size_of_glcd_Init             (abs)        000000
__size_of_glcd_PlotPixel        (abs)        000000
__size_of_glcd_ReadByte         (abs)        000000
__size_of_glcd_WriteByte        (abs)        000000
__size_of_gravity               (abs)        000000
__size_of_main                  (abs)        000000
__size_of_rand                  (abs)        000000
__size_of_update_display_shapes (abs)        000000
__smallconst                    smallconst   000000
_accueil                        mediumconst  007B3B
_all_shapes                     bssBANK1     000100
_array_data                     bssBANK2     000200
_createRandomShape              text13       005E92
_delay                          text12       00507A
_delayHomeScreen                text11       005094
_display_grid                   text6        005672
_glcd_FillScreen                text4        005222
_glcd_Image                     text5        005300
_glcd_Init                      text3        0054AA
_glcd_PlotPixel                 text7        0053F8
_glcd_ReadByte                  text9        0050C8
_glcd_WriteByte                 text8        0050FE
_gravity                        text2        005AB4
_main                           text0        005568
_rand                           text14       00517A
_randx                          dataCOMRAM   00003D
_update_display_shapes          text1        005814
_x                              bssCOMRAM    000042
_y                              bssCOMRAM    000041
createRandomShape@i             cstackCOMRAM 000034
createRandomShape@k             cstackCOMRAM 00001E
createRandomShape@k_100         cstackCOMRAM 000022
createRandomShape@k_101         cstackCOMRAM 000023
createRandomShape@k_102         cstackCOMRAM 000024
createRandomShape@k_103         cstackCOMRAM 000025
createRandomShape@k_105         cstackCOMRAM 000026
createRandomShape@k_106         cstackCOMRAM 000027
createRandomShape@k_107         cstackCOMRAM 000028
createRandomShape@k_108         cstackCOMRAM 000029
createRandomShape@k_110         cstackCOMRAM 00002A
createRandomShape@k_111         cstackCOMRAM 00002B
createRandomShape@k_112         cstackCOMRAM 00002C
createRandomShape@k_113         cstackCOMRAM 00002D
createRandomShape@k_114         cstackCOMRAM 00002E
createRandomShape@k_96          cstackCOMRAM 00001F
createRandomShape@k_97          cstackCOMRAM 000020
createRandomShape@k_98          cstackCOMRAM 000021
createRandomShape@orientation   cstackCOMRAM 000033
createRandomShape@start         cstackCOMRAM 00002F
createRandomShape@start_104     cstackCOMRAM 000031
createRandomShape@start_109     cstackCOMRAM 000032
createRandomShape@start_99      cstackCOMRAM 000030
createRandomShape@type          cstackCOMRAM 00001D
delay@c                         cstackCOMRAM 000001
delayHomeScreen@c               cstackCOMRAM 000001
delayHomeScreen@d               cstackCOMRAM 000003
display_grid@i                  cstackCOMRAM 000013
display_grid@j                  cstackCOMRAM 000012
end_of_initialization           cinit        005170
glcd_FillScreen@color           cstackCOMRAM 00000B
glcd_FillScreen@i               cstackCOMRAM 00000D
glcd_FillScreen@j               cstackCOMRAM 00000C
glcd_Image@cs                   cstackCOMRAM 00000F
glcd_Image@i                    cstackCOMRAM 00000E
glcd_Image@j                    cstackCOMRAM 00000D
glcd_Image@ptr                  cstackCOMRAM 00000B
glcd_Init@mode                  cstackCOMRAM 00000F
glcd_PlotPixel@color            cstackCOMRAM 00000C
glcd_PlotPixel@data             cstackCOMRAM 000010
glcd_PlotPixel@side             cstackCOMRAM 000011
glcd_PlotPixel@xpos             cstackCOMRAM 00000F
glcd_PlotPixel@ypos             cstackCOMRAM 00000B
glcd_ReadByte@data              cstackCOMRAM 000002
glcd_ReadByte@side              cstackCOMRAM 000001
glcd_WriteByte@data             cstackCOMRAM 000009
glcd_WriteByte@side             cstackCOMRAM 00000A
gravity@a                       cstackCOMRAM 00000B
gravity@b                       cstackCOMRAM 00000C
gravity@i                       cstackCOMRAM 00000E
gravity@index                   cstackCOMRAM 000010
gravity@j                       cstackCOMRAM 00000D
gravity@j_83                    cstackCOMRAM 00000F
intlevel0                       text         000000
intlevel1                       text         000000
intlevel2                       text         000000
intlevel3                       text         000000
main@i                          cstackCOMRAM 00003B
main@i_126                      cstackCOMRAM 000039
main@index                      cstackCOMRAM 000038
main@next                       cstackCOMRAM 000037
main@y                          cstackCOMRAM 00003C
main@y_127                      cstackCOMRAM 00003A
stackhi                         (abs)        0007FF
stacklo                         (abs)        0002D8
start                           init         000000
start_initialization            cinit        005134
update_display_shapes@i         cstackCOMRAM 00001C
update_display_shapes@j         cstackCOMRAM 00001D
update_display_shapes@m         cstackCOMRAM 000018
update_display_shapes@m_75      cstackCOMRAM 00001A
update_display_shapes@n         cstackCOMRAM 000019
update_display_shapes@n_76      cstackCOMRAM 00001B
update_display_shapes@operation cstackCOMRAM 000017
update_display_shapes@x         cstackCOMRAM 00001F
update_display_shapes@y         cstackCOMRAM 00001E


FUNCTION INFORMATION:

 *************** function _main *****************
 Defined at:
		line 630 in file "main.c"
 Parameters:    Size  Location     Type
		None
 Auto vars:     Size  Location     Type
  y               1   57[COMRAM] unsigned char 
  y               1   59[COMRAM] unsigned char 
  i               1   56[COMRAM] unsigned char 
  i               1   58[COMRAM] unsigned char 
  index           1   55[COMRAM] unsigned char 
  next            1   54[COMRAM] unsigned char 
 Return value:  Size  Location     Type
                  1    wreg      void 
 Registers used:
		wreg, fsr1l, fsr1h, fsr2l, fsr2h, status,2, status,0, tblptrl, tblptrh, tblptru, prodl, prodh, cstack
 Tracked objects:
		On entry : 
		On exit  : 
		Unchanged: 
 Data sizes:     COMRAM   BANK0   BANK1   BANK2   BANK3   BANK4   BANK5   BANK6   BANK7
      Params:         0       0       0       0       0       0       0       0       0
      Locals:         6       0       0       0       0       0       0       0       0
      Temps:          2       0       0       0       0       0       0       0       0
      Totals:         8       0       0       0       0       0       0       0       0
Total ram usage:        8 bytes
 Hardware stack levels required when called:    3
 This function calls:
		_createRandomShape
		_delay
		_delayHomeScreen
		_display_grid
		_glcd_FillScreen
		_glcd_Image
		_glcd_Init
		_gravity
		_update_display_shapes
 This function is called by:
		Startup code after reset
 This function uses a non-reentrant model


 *************** function _update_display_shapes *****************
 Defined at:
		line 87 in file "main.c"
 Parameters:    Size  Location     Type
  operation       1    wreg     unsigned char 
 Auto vars:     Size  Location     Type
  operation       1   22[COMRAM] unsigned char 
  n               1   26[COMRAM] unsigned char 
  n               1   24[COMRAM] unsigned char 
  m               1   25[COMRAM] unsigned char 
  m               1   23[COMRAM] unsigned char 
  j               1   28[COMRAM] unsigned char 
  x               1   30[COMRAM] unsigned char 
  y               1   29[COMRAM] unsigned char 
  i               1   27[COMRAM] unsigned char 
 Return value:  Size  Location     Type
                  1    wreg      void 
 Registers used:
		wreg, fsr2l, fsr2h, status,2, status,0, prodl, prodh, cstack
 Tracked objects:
		On entry : 
		On exit  : 
		Unchanged: 
 Data sizes:     COMRAM   BANK0   BANK1   BANK2   BANK3   BANK4   BANK5   BANK6   BANK7
      Params:         0       0       0       0       0       0       0       0       0
      Locals:         9       0       0       0       0       0       0       0       0
      Temps:          5       0       0       0       0       0       0       0       0
      Totals:        14       0       0       0       0       0       0       0       0
Total ram usage:       14 bytes
 Hardware stack levels used:    1
 Hardware stack levels required when called:    2
 This function calls:
		_glcd_PlotPixel
 This function is called by:
		_main
 This function uses a non-reentrant model


 *************** function _gravity *****************
 Defined at:
		line 214 in file "main.c"
 Parameters:    Size  Location     Type
  index           1    wreg     unsigned char 
 Auto vars:     Size  Location     Type
  index           1   15[COMRAM] unsigned char 
  j               1   12[COMRAM] unsigned char 
  j               1   14[COMRAM] unsigned char 
  i               1   13[COMRAM] unsigned char 
  b               1   11[COMRAM] unsigned char 
  a               1   10[COMRAM] unsigned char 
 Return value:  Size  Location     Type
                  1    wreg      unsigned char 
 Registers used:
		wreg, fsr1l, fsr1h, fsr2l, fsr2h, status,2, status,0, prodl, prodh
 Tracked objects:
		On entry : 
		On exit  : 
		Unchanged: 
 Data sizes:     COMRAM   BANK0   BANK1   BANK2   BANK3   BANK4   BANK5   BANK6   BANK7
      Params:         0       0       0       0       0       0       0       0       0
      Locals:         6       0       0       0       0       0       0       0       0
      Temps:         10       0       0       0       0       0       0       0       0
      Totals:        16       0       0       0       0       0       0       0       0
Total ram usage:       16 bytes
 Hardware stack levels used:    1
 This function calls:
		Nothing
 This function is called by:
		_main
 This function uses a non-reentrant model


 *************** function _glcd_Init *****************
 Defined at:
		line 340 in file "glcd_library/glcd.c"
 Parameters:    Size  Location     Type
  mode            1    wreg     unsigned char 
 Auto vars:     Size  Location     Type
  mode            1   14[COMRAM] unsigned char 
  k               1    0        unsigned char 
  j               1    0        unsigned char 
  i               1    0        unsigned char 
 Return value:  Size  Location     Type
                  1    wreg      void 
 Registers used:
		wreg, status,2, status,0, prodl, prodh, cstack
 Tracked objects:
		On entry : 
		On exit  : 
		Unchanged: 
 Data sizes:     COMRAM   BANK0   BANK1   BANK2   BANK3   BANK4   BANK5   BANK6   BANK7
      Params:         0       0       0       0       0       0       0       0       0
      Locals:         1       0       0       0       0       0       0       0       0
      Temps:          1       0       0       0       0       0       0       0       0
      Totals:         2       0       0       0       0       0       0       0       0
Total ram usage:        2 bytes
 Hardware stack levels used:    1
 Hardware stack levels required when called:    2
 This function calls:
		_glcd_FillScreen
		_glcd_WriteByte
 This function is called by:
		_main
 This function uses a non-reentrant model


 *************** function _glcd_FillScreen *****************
 Defined at:
		line 530 in file "glcd_library/glcd.c"
 Parameters:    Size  Location     Type
  color           1    wreg     unsigned char 
 Auto vars:     Size  Location     Type
  color           1   10[COMRAM] unsigned char 
  i               1   12[COMRAM] unsigned char 
  j               1   11[COMRAM] unsigned char 
 Return value:  Size  Location     Type
                  1    wreg      void 
 Registers used:
		wreg, status,2, status,0, prodl, prodh, cstack
 Tracked objects:
		On entry : 
		On exit  : 
		Unchanged: 
 Data sizes:     COMRAM   BANK0   BANK1   BANK2   BANK3   BANK4   BANK5   BANK6   BANK7
      Params:         0       0       0       0       0       0       0       0       0
      Locals:         3       0       0       0       0       0       0       0       0
      Temps:          0       0       0       0       0       0       0       0       0
      Totals:         3       0       0       0       0       0       0       0       0
Total ram usage:        3 bytes
 Hardware stack levels used:    1
 Hardware stack levels required when called:    1
 This function calls:
		_glcd_WriteByte
 This function is called by:
		_main
		_glcd_Init
 This function uses a non-reentrant model


 *************** function _glcd_Image *****************
 Defined at:
		line 693 in file "glcd_library/glcd.c"
 Parameters:    Size  Location     Type
		None
 Auto vars:     Size  Location     Type
  ptr             2   10[COMRAM] int 
  cs              1   14[COMRAM] unsigned char 
  i               1   13[COMRAM] unsigned char 
  j               1   12[COMRAM] unsigned char 
 Return value:  Size  Location     Type
                  1    wreg      void 
 Registers used:
		wreg, status,2, status,0, tblptrl, tblptrh, tblptru, cstack
 Tracked objects:
		On entry : 
		On exit  : 
		Unchanged: 
 Data sizes:     COMRAM   BANK0   BANK1   BANK2   BANK3   BANK4   BANK5   BANK6   BANK7
      Params:         0       0       0       0       0       0       0       0       0
      Locals:         5       0       0       0       0       0       0       0       0
      Temps:          0       0       0       0       0       0       0       0       0
      Totals:         5       0       0       0       0       0       0       0       0
Total ram usage:        5 bytes
 Hardware stack levels used:    1
 Hardware stack levels required when called:    1
 This function calls:
		_glcd_WriteByte
 This function is called by:
		_main
 This function uses a non-reentrant model


 *************** function _display_grid *****************
 Defined at:
		line 59 in file "main.c"
 Parameters:    Size  Location     Type
		None
 Auto vars:     Size  Location     Type
  j               1   17[COMRAM] unsigned char 
  i               1   18[COMRAM] unsigned char 
 Return value:  Size  Location     Type
                  1    wreg      void 
 Registers used:
		wreg, status,2, status,0, cstack
 Tracked objects:
		On entry : 
		On exit  : 
		Unchanged: 
 Data sizes:     COMRAM   BANK0   BANK1   BANK2   BANK3   BANK4   BANK5   BANK6   BANK7
      Params:         0       0       0       0       0       0       0       0       0
      Locals:         2       0       0       0       0       0       0       0       0
      Temps:          0       0       0       0       0       0       0       0       0
      Totals:         2       0       0       0       0       0       0       0       0
Total ram usage:        2 bytes
 Hardware stack levels used:    1
 Hardware stack levels required when called:    2
 This function calls:
		_glcd_PlotPixel
 This function is called by:
		_main
 This function uses a non-reentrant model


 *************** function _glcd_PlotPixel *****************
 Defined at:
		line 470 in file "glcd_library/glcd.c"
 Parameters:    Size  Location     Type
  xpos            1    wreg     unsigned char 
  ypos            1   10[COMRAM] unsigned char 
  color           1   11[COMRAM] unsigned char 
 Auto vars:     Size  Location     Type
  xpos            1   14[COMRAM] unsigned char 
  side            1   16[COMRAM] unsigned char 
  data            1   15[COMRAM] unsigned char 
 Return value:  Size  Location     Type
                  1    wreg      void 
 Registers used:
		wreg, status,2, status,0, cstack
 Tracked objects:
		On entry : 
		On exit  : 
		Unchanged: 
 Data sizes:     COMRAM   BANK0   BANK1   BANK2   BANK3   BANK4   BANK5   BANK6   BANK7
      Params:         2       0       0       0       0       0       0       0       0
      Locals:         3       0       0       0       0       0       0       0       0
      Temps:          2       0       0       0       0       0       0       0       0
      Totals:         7       0       0       0       0       0       0       0       0
Total ram usage:        7 bytes
 Hardware stack levels used:    1
 Hardware stack levels required when called:    1
 This function calls:
		___awdiv
		_glcd_ReadByte
		_glcd_WriteByte
 This function is called by:
		_display_grid
		_update_display_shapes
		_glcd_Rect
 This function uses a non-reentrant model


 *************** function _glcd_WriteByte *****************
 Defined at:
		line 395 in file "glcd_library/glcd.c"
 Parameters:    Size  Location     Type
  side            1    wreg     unsigned char 
  data            1    8[COMRAM] unsigned char 
 Auto vars:     Size  Location     Type
  side            1    9[COMRAM] unsigned char 
 Return value:  Size  Location     Type
                  1    wreg      void 
 Registers used:
		wreg, status,2
 Tracked objects:
		On entry : 
		On exit  : 
		Unchanged: 
 Data sizes:     COMRAM   BANK0   BANK1   BANK2   BANK3   BANK4   BANK5   BANK6   BANK7
      Params:         1       0       0       0       0       0       0       0       0
      Locals:         1       0       0       0       0       0       0       0       0
      Temps:          0       0       0       0       0       0       0       0       0
      Totals:         2       0       0       0       0       0       0       0       0
Total ram usage:        2 bytes
 Hardware stack levels used:    1
 This function calls:
		Nothing
 This function is called by:
		_glcd_Init
		_glcd_PlotPixel
		_glcd_FillScreen
		_glcd_Image
		_glcd_SetCursor
		_glcd_WriteChar8X8
		_glcd_WriteChar3x6
 This function uses a non-reentrant model


 *************** function _glcd_ReadByte *****************
 Defined at:
		line 432 in file "glcd_library/glcd.c"
 Parameters:    Size  Location     Type
  side            1    wreg     unsigned char 
 Auto vars:     Size  Location     Type
  side            1    0[COMRAM] unsigned char 
  data            1    1[COMRAM] unsigned char 
 Return value:  Size  Location     Type
                  1    wreg      unsigned char 
 Registers used:
		wreg, status,2, cstack
 Tracked objects:
		On entry : 
		On exit  : 
		Unchanged: 
 Data sizes:     COMRAM   BANK0   BANK1   BANK2   BANK3   BANK4   BANK5   BANK6   BANK7
      Params:         0       0       0       0       0       0       0       0       0
      Locals:         2       0       0       0       0       0       0       0       0
      Temps:          0       0       0       0       0       0       0       0       0
      Totals:         2       0       0       0       0       0       0       0       0
Total ram usage:        2 bytes
 Hardware stack levels used:    1
 This function calls:
		Nothing
 This function is called by:
		_glcd_PlotPixel
 This function uses a non-reentrant model


 *************** function ___awdiv *****************
 Defined at:
		line 8 in file "C:\Program Files (x86)\Microchip\xc8\v1.43\sources\common\awdiv.c"
 Parameters:    Size  Location     Type
  dividend        2    0[COMRAM] int 
  divisor         2    2[COMRAM] int 
 Auto vars:     Size  Location     Type
  quotient        2    6[COMRAM] int 
  sign            1    5[COMRAM] unsigned char 
  counter         1    4[COMRAM] unsigned char 
 Return value:  Size  Location     Type
                  2    0[COMRAM] int 
 Registers used:
		wreg, status,2, status,0
 Tracked objects:
		On entry : 
		On exit  : 
		Unchanged: 
 Data sizes:     COMRAM   BANK0   BANK1   BANK2   BANK3   BANK4   BANK5   BANK6   BANK7
      Params:         4       0       0       0       0       0       0       0       0
      Locals:         4       0       0       0       0       0       0       0       0
      Temps:          0       0       0       0       0       0       0       0       0
      Totals:         8       0       0       0       0       0       0       0       0
Total ram usage:        8 bytes
 Hardware stack levels used:    1
 This function calls:
		Nothing
 This function is called by:
		_glcd_PlotPixel
 This function uses a non-reentrant model


 *************** function _delayHomeScreen *****************
 Defined at:
		line 257 in file "main.c"
 Parameters:    Size  Location     Type
		None
 Auto vars:     Size  Location     Type
  d               2    2[COMRAM] unsigned int 
  c               2    0[COMRAM] unsigned int 
 Return value:  Size  Location     Type
                  1    wreg      void 
 Registers used:
		wreg, status,2, status,0
 Tracked objects:
		On entry : 
		On exit  : 
		Unchanged: 
 Data sizes:     COMRAM   BANK0   BANK1   BANK2   BANK3   BANK4   BANK5   BANK6   BANK7
      Params:         0       0       0       0       0       0       0       0       0
      Locals:         4       0       0       0       0       0       0       0       0
      Temps:          0       0       0       0       0       0       0       0       0
      Totals:         4       0       0       0       0       0       0       0       0
Total ram usage:        4 bytes
 Hardware stack levels used:    1
 This function calls:
		Nothing
 This function is called by:
		_main
 This function uses a non-reentrant model


 *************** function _delay *****************
 Defined at:
		line 248 in file "main.c"
 Parameters:    Size  Location     Type
		None
 Auto vars:     Size  Location     Type
  c               2    0[COMRAM] unsigned int 
  d               2    0        unsigned int 
 Return value:  Size  Location     Type
                  1    wreg      void 
 Registers used:
		wreg, status,2, status,0
 Tracked objects:
		On entry : 
		On exit  : 
		Unchanged: 
 Data sizes:     COMRAM   BANK0   BANK1   BANK2   BANK3   BANK4   BANK5   BANK6   BANK7
      Params:         0       0       0       0       0       0       0       0       0
      Locals:         2       0       0       0       0       0       0       0       0
      Temps:          0       0       0       0       0       0       0       0       0
      Totals:         2       0       0       0       0       0       0       0       0
Total ram usage:        2 bytes
 Hardware stack levels used:    1
 This function calls:
		Nothing
 This function is called by:
		_main
 This function uses a non-reentrant model


 *************** function _createRandomShape *****************
 Defined at:
		line 267 in file "main.c"
 Parameters:    Size  Location     Type
  i               1    wreg     unsigned char 
 Auto vars:     Size  Location     Type
  i               1   51[COMRAM] unsigned char 
  k               1   44[COMRAM] unsigned char 
  k               1   43[COMRAM] unsigned char 
  k               1   42[COMRAM] unsigned char 
  k               1   41[COMRAM] unsigned char 
  k               1   40[COMRAM] unsigned char 
  k               1   39[COMRAM] unsigned char 
  k               1   38[COMRAM] unsigned char 
  k               1   37[COMRAM] unsigned char 
  k               1   36[COMRAM] unsigned char 
  k               1   35[COMRAM] unsigned char 
  k               1   34[COMRAM] unsigned char 
  k               1   33[COMRAM] unsigned char 
  k               1   32[COMRAM] unsigned char 
  k               1   31[COMRAM] unsigned char 
  k               1   30[COMRAM] unsigned char 
  k               1   29[COMRAM] unsigned char 
  start           1   49[COMRAM] unsigned char 
  start           1   48[COMRAM] unsigned char 
  start           1   47[COMRAM] unsigned char 
  start           1   46[COMRAM] unsigned char 
  k               1   45[COMRAM] unsigned char 
  orientation     1   50[COMRAM] unsigned char 
  type            1   28[COMRAM] unsigned char 
 Return value:  Size  Location     Type
                  1    wreg      void 
 Registers used:
		wreg, fsr2l, fsr2h, status,2, status,0, prodl, prodh, cstack
 Tracked objects:
		On entry : 
		On exit  : 
		Unchanged: 
 Data sizes:     COMRAM   BANK0   BANK1   BANK2   BANK3   BANK4   BANK5   BANK6   BANK7
      Params:         0       0       0       0       0       0       0       0       0
      Locals:        24       0       0       0       0       0       0       0       0
      Temps:          8       0       0       0       0       0       0       0       0
      Totals:        32       0       0       0       0       0       0       0       0
Total ram usage:       32 bytes
 Hardware stack levels used:    1
 Hardware stack levels required when called:    2
 This function calls:
		___awmod
		_rand
 This function is called by:
		_main
 This function uses a non-reentrant model


 *************** function _rand *****************
 Defined at:
		line 12 in file "C:\Program Files (x86)\Microchip\xc8\v1.43\sources\common\rand.c"
 Parameters:    Size  Location     Type
		None
 Auto vars:     Size  Location     Type
		None
 Return value:  Size  Location     Type
                  2   12[COMRAM] int 
 Registers used:
		wreg, status,2, status,0, cstack
 Tracked objects:
		On entry : 
		On exit  : 
		Unchanged: 
 Data sizes:     COMRAM   BANK0   BANK1   BANK2   BANK3   BANK4   BANK5   BANK6   BANK7
      Params:         2       0       0       0       0       0       0       0       0
      Locals:         0       0       0       0       0       0       0       0       0
      Temps:          0       0       0       0       0       0       0       0       0
      Totals:         2       0       0       0       0       0       0       0       0
Total ram usage:        2 bytes
 Hardware stack levels used:    1
 Hardware stack levels required when called:    1
 This function calls:
		___lmul
 This function is called by:
		_createRandomShape
 This function uses a non-reentrant model


 *************** function ___lmul *****************
 Defined at:
		line 15 in file "C:\Program Files (x86)\Microchip\xc8\v1.43\sources\common\Umul32.c"
 Parameters:    Size  Location     Type
  multiplier      4    0[COMRAM] unsigned long 
  multiplicand    4    4[COMRAM] unsigned long 
 Auto vars:     Size  Location     Type
  product         4    8[COMRAM] unsigned long 
 Return value:  Size  Location     Type
                  4    0[COMRAM] unsigned long 
 Registers used:
		wreg, status,2, status,0
 Tracked objects:
		On entry : 
		On exit  : 
		Unchanged: 
 Data sizes:     COMRAM   BANK0   BANK1   BANK2   BANK3   BANK4   BANK5   BANK6   BANK7
      Params:         8       0       0       0       0       0       0       0       0
      Locals:         4       0       0       0       0       0       0       0       0
      Temps:          0       0       0       0       0       0       0       0       0
      Totals:        12       0       0       0       0       0       0       0       0
Total ram usage:       12 bytes
 Hardware stack levels used:    1
 This function calls:
		Nothing
 This function is called by:
		_rand
 This function uses a non-reentrant model


 *************** function ___awmod *****************
 Defined at:
		line 8 in file "C:\Program Files (x86)\Microchip\xc8\v1.43\sources\common\awmod.c"
 Parameters:    Size  Location     Type
  dividend        2   14[COMRAM] int 
  divisor         2   16[COMRAM] int 
 Auto vars:     Size  Location     Type
  sign            1   19[COMRAM] unsigned char 
  counter         1   18[COMRAM] unsigned char 
 Return value:  Size  Location     Type
                  2   14[COMRAM] int 
 Registers used:
		wreg, status,2, status,0
 Tracked objects:
		On entry : 
		On exit  : 
		Unchanged: 
 Data sizes:     COMRAM   BANK0   BANK1   BANK2   BANK3   BANK4   BANK5   BANK6   BANK7
      Params:         4       0       0       0       0       0       0       0       0
      Locals:         2       0       0       0       0       0       0       0       0
      Temps:          0       0       0       0       0       0       0       0       0
      Totals:         6       0       0       0       0       0       0       0       0
Total ram usage:        6 bytes
 Hardware stack levels used:    1
 This function calls:
		Nothing
 This function is called by:
		_createRandomShape
 This function uses a non-reentrant model



MODULE INFORMATION

Module		Function		Class		Link	Load	Size
C:\Program Files (x86)\Microchip\xc8\v1.43\sources\common\Umul32.c
		___lmul        		CODE           	51CC	0000	87

C:\Program Files (x86)\Microchip\xc8\v1.43\sources\common\Umul32.c estimated size: 87

C:\Program Files (x86)\Microchip\xc8\v1.43\sources\common\awdiv.c
		___awdiv       		CODE           	5374	0000	133

C:\Program Files (x86)\Microchip\xc8\v1.43\sources\common\awdiv.c estimated size: 133

C:\Program Files (x86)\Microchip\xc8\v1.43\sources\common\rand.c
		_rand          		CODE           	517A	0000	83

C:\Program Files (x86)\Microchip\xc8\v1.43\sources\common\rand.c estimated size: 83

shared
		_Font3x6       		MEDIUMCONST    	7F3B	0000	196
		_Font8x8       		MEDIUMCONST    	733B	0000	2049
		_accueil       		MEDIUMCONST    	7B3B	0000	1025
		__initialization		CODE           	5134	0000	61

shared estimated size: 3331

main.c
		_update_display_shapes		CODE           	5814	0000	673
		_delay         		CODE           	507A	0000	27
		_gravity       		CODE           	5AB4	0000	991
		_display_grid  		CODE           	5672	0000	419
		_main          		CODE           	5568	0000	267
		_createRandomShape		CODE           	5E92	0000	5289
		_delayHomeScreen		CODE           	5094	0000	53

main.c estimated size: 7719

C:\Program Files (x86)\Microchip\xc8\v1.43\sources\common\awmod.c
		___awmod       		CODE           	5290	0000	113

C:\Program Files (x86)\Microchip\xc8\v1.43\sources\common\awmod.c estimated size: 113

glcd_library/glcd.c
		_glcd_WriteByte		CODE           	50FE	0000	55
		_glcd_Init     		CODE           	54AA	0000	191
		_glcd_ReadByte 		CODE           	50C8	0000	55
		_glcd_FillScreen		CODE           	5222	0000	111
		_glcd_PlotPixel		CODE           	53F8	0000	179
		_glcd_Image    		CODE           	5300	0000	117

glcd_library/glcd.c estimated size: 708

