Microchip MPLAB XC8 Compiler V1.43 ()

Linker command line:

-W-3 --edf=C:\Program Files (x86)\Microchip\xc8\v1.43\dat\en_msgs.txt -cs \
  -h+dist/default/production\Tetris.X.production.sym \
  --cmf=dist/default/production\Tetris.X.production.cmf -z -Q18F4550 \
  -oC:\Users\grego\AppData\Local\Temp\s3v0.2 \
  -Mdist/default/production/Tetris.X.production.map -E1 -ver=XC8 \
  -ASTACK=0B5h-07ffh -pstack=STACK -ACODE=00h-07FFFh -ACONST=00h-07FFFh \
  -ASMALLCONST=0800h-08FFhx120 -AMEDIUMCONST=0800h-07FFFh -ACOMRAM=01h-05Fh \
  -AABS1=00h-07FFh -ABIGRAM=01h-07FFh -ARAM=060h-0FFh,0100h-01FFhx7 \
  -ABANK0=060h-0FFh -ABANK1=0100h-01FFh -ABANK2=0200h-02FFh \
  -ABANK3=0300h-03FFh -ABANK4=0400h-04FFh -ABANK5=0500h-05FFh \
  -ABANK6=0600h-06FFh -ABANK7=0700h-07FFh -ASFR=0F60h-0FFFh \
  -preset_vec=00h,intcode=08h,intcodelo,powerup,init -pramtop=0800h \
  -psmallconst=SMALLCONST -pmediumconst=MEDIUMCONST -pconst=CONST \
  -AFARRAM=00h-00h -ACONFIG=0300000h-030000Dh -pconfig=CONFIG \
  -AIDLOC=0200000h-0200007h -pidloc=IDLOC -AEEDATA=0F00000h-0F000FFh \
  -peeprom_data=EEDATA \
  -prdata=COMRAM,nvrram=COMRAM,nvbit=COMRAM,rbss=COMRAM,rbit=COMRAM \
  -pfarbss=FARRAM,fardata=FARRAM,nvFARRAM=FARRAM \
  -pintsave_regs=BIGRAM,bigbss=BIGRAM,bigdata=BIGRAM -pbss=RAM \
  -pidata=CODE,irdata=CODE,ibigdata=CODE,ifardata=CODE -prparam=COMRAM \
  C:\Users\grego\AppData\Local\Temp\s3v0.obj \
  dist/default/production\Tetris.X.production.obj 

Object code version is 3.11

Machine type is 18F4550

Call graph: (short form)




                Name                               Link     Load   Length Selector   Space Scale
C:\Users\grego\AppData\Local\Temp\s3v0.obj
                init                                  E        E        4        4       0
                reset_vec                             0        0        4        0       0
                idloc                            200000   200000        8   200000       0
                config                           300000   300000        E   300000       0
dist/default/production\Tetris.X.production.obj
                intcode                               8        8        6        4       0
                temp                                 4D       4D        1        1       1
                mediumconst                        76C2     76C2      93E     3B61       0
                intcode_body                       16D4     16D4       9A        4       0
                text30                             1C7E     1C7E       36        4       0
                text29                             19F2     19F2       6E        4       0
                text28                             1568     1568       BE        4       0
                text27                             1BBC     1BBC       48        4       0
                text26                             13B8     13B8       E4        4       0
                text25                             149C     149C       CC        4       0
                text24                             1C04     1C04       42        4       0
                text23                             1D30     1D30       20        4       0
                text22                             1D80     1D80       14        4       0
                text21                             17FE     17FE       84        4       0
                text20                             1626     1626       AE        4       0
                text19                             1C46     1C46       38        4       0
                text18                             1B22     1B22       4E        4       0
                text17                             1D50     1D50       1C        4       0
                text16                             176E     176E       90        4       0
                text15                             1D0C     1D0C       24        4       0
                text14                              D50      D50      1FE        4       0
                text13                             1B70     1B70       4C        4       0
                text12                             11A8     11A8      11C        4       0
                text11                             1882     1882       82        4       0
                text10                             1A60     1A60       66        4       0
                text9                              1AC6     1AC6       5C        4       0
                text8                              1080     1080      128        4       0
                text7                               F4E      F4E      132        4       0
                text6                              1982     1982       70        4       0
                text5                              12C4     12C4       F4        4       0
                text4                              1CE6     1CE6       26        4       0
                text3                               AFE      AFE      252        4       0
                text2                               6F6      6F6      408        4       0
                text1                                12       12      6E4        4       0
                text0                              1904     1904       7E        4       0
                cstackCOMRAM                          1        1       4A        1       1
                cstackBANK0                          60       60       41       60       1
                dataBANK0                            A1       A1       14       60       1
                bssCOMRAM                            4B       4B        2        1       1
                cinit                              1CB4     1CB4       32        4       0
                idataBANK0                         1D6C     1D6C       14        4       0

TOTAL           Name                               Link     Load   Length     Space
        CLASS   STACK          

        CLASS   CODE           
                intcode                               8        8        6         0
                init                                  E        E        4         0
                reset_vec                             0        0        4         0
                intcode_body                       16D4     16D4       9A         0
                text30                             1C7E     1C7E       36         0
                text29                             19F2     19F2       6E         0
                text28                             1568     1568       BE         0
                text27                             1BBC     1BBC       48         0
                text26                             13B8     13B8       E4         0
                text25                             149C     149C       CC         0
                text24                             1C04     1C04       42         0
                text23                             1D30     1D30       20         0
                text22                             1D80     1D80       14         0
                text21                             17FE     17FE       84         0
                text20                             1626     1626       AE         0
                text19                             1C46     1C46       38         0
                text18                             1B22     1B22       4E         0
                text17                             1D50     1D50       1C         0
                text16                             176E     176E       90         0
                text15                             1D0C     1D0C       24         0
                text14                              D50      D50      1FE         0
                text13                             1B70     1B70       4C         0
                text12                             11A8     11A8      11C         0
                text11                             1882     1882       82         0
                text10                             1A60     1A60       66         0
                text9                              1AC6     1AC6       5C         0
                text8                              1080     1080      128         0
                text7                               F4E      F4E      132         0
                text6                              1982     1982       70         0
                text5                              12C4     12C4       F4         0
                text4                              1CE6     1CE6       26         0
                text3                               AFE      AFE      252         0
                text2                               6F6      6F6      408         0
                text1                                12       12      6E4         0
                text0                              1904     1904       7E         0
                cinit                              1CB4     1CB4       32         0
                idataBANK0                         1D6C     1D6C       14         0

        CLASS   CONST          

        CLASS   SMALLCONST     

        CLASS   MEDIUMCONST    
                mediumconst                        76C2     76C2      93E         0

        CLASS   COMRAM         
                temp                                 4D       4D        1         1
                cstackCOMRAM                          1        1       4A         1
                bssCOMRAM                            4B       4B        2         1

        CLASS   ABS1           

        CLASS   BIGRAM         

        CLASS   RAM            

        CLASS   BANK0          
                cstackBANK0                          60       60       41         1
                dataBANK0                            A1       A1       14         1

        CLASS   BANK1          

        CLASS   BANK2          

        CLASS   BANK3          

        CLASS   BANK4          

        CLASS   BANK5          

        CLASS   BANK6          

        CLASS   BANK7          

        CLASS   SFR            

        CLASS   FARRAM         

        CLASS   CONFIG         
                config                           300000   300000        E         0

        CLASS   IDLOC          
                idloc                            200000   200000        8         0

        CLASS   EEDATA         



SEGMENTS        Name                           Load    Length   Top    Selector   Space  Class

                reset_vec                      000000  000004  000004         0       0  CODE    
                cstackCOMRAM                   000001  00004D  00004E         1       1  COMRAM  
                intcode                        000008  001D8C  001D94         4       0  CODE    
                cstackBANK0                    000060  000055  0000B5        60       1  BANK0   
                mediumconst                    0076C2  00093E  008000      3B61       0  MEDIUMCO
                idloc                          200000  000008  200008    200000       0  IDLOC   
                config                         300000  00000E  30000E    300000       0  CONFIG  


UNUSED ADDRESS RANGES

        Name                Unused          Largest block    Delta
        BANK0            0000B5-0000FF               4B
        BANK1            000100-0001FF              100
        BANK2            000200-0002FF              100
        BANK3            000300-0003FF              100
        BANK4            000400-0004FF              100
        BANK5            000500-0005FF              100
        BANK6            000600-0006FF              100
        BANK7            000700-0007FF              100
        BIGRAM           00004E-00005F               12
                         0000B5-0007FF              74B
        CODE             000004-000007                4
                         001D94-0076C1             592E
        COMRAM           00004E-00005F               12
        CONST            000004-000007                4
                         001D94-0076C1             592E
        EEDATA           F00000-F000FF              100
        MEDIUMCONST      001D94-0076C1             592E
        RAM              0000B5-0007FF              100
        SFR              000F60-000FFF               A0
        SMALLCONST       001D94-0076C1              100
        STACK            0000B5-0007FF              74B

                                  Symbol Table

?_R0Value                   cstackCOMRAM 000013
?___awdiv                   cstackCOMRAM 000019
?___awmod                   cstackCOMRAM 000013
?___awtoft                  cstackCOMRAM 000021
?___ftadd                   cstackCOMRAM 000040
?___ftmul                   cstackCOMRAM 000027
?___ftneg                   cstackCOMRAM 000013
?___ftpack                  cstackCOMRAM 000013
?___ftsub                   cstackBANK0  000063
?___fttol                   cstackCOMRAM 00003D
?___lldiv                   cstackCOMRAM 000013
?___llmod                   cstackCOMRAM 000013
?___lltoft                  cstackCOMRAM 00001B
?___wmul                    cstackCOMRAM 000021
?__div_to_l_                cstackCOMRAM 000013
?__tdiv_to_l_               cstackCOMRAM 000013
?_fround                    cstackCOMRAM 000036
?_readX                     cstackCOMRAM 000025
?_scale                     cstackCOMRAM 000036
?_sprintf                   cstackBANK0  000069
_ADCON0                     (abs)        000FC2
_ADCON0bits                 (abs)        000FC2
_ADCON1                     (abs)        000FC1
_ADCON2bits                 (abs)        000FC0
_ADRES                      (abs)        000FC3
_Font3x6                    mediumconst  007EC3
_Font8x8                    mediumconst  0076C3
_INTCONbits                 (abs)        000FF2
_ISR                        intcode      000008
_LATBbits                   (abs)        000F8A
_LATD                       (abs)        000F8C
_PIE1bits                   (abs)        000F9D
_PIR1bits                   (abs)        000F9E
_PORTA                      (abs)        000F80
_PORTB                      (abs)        000F81
_PORTD                      (abs)        000F83
_PORTEbits                  (abs)        000F84
_R0Value                    text22       001D80
_TRISA                      (abs)        000F92
_TRISB                      (abs)        000F93
_TRISD                      (abs)        000F95
__CFG_FOSC$HS               (abs)        000000
__CFG_LVP$OFF               (abs)        000000
__CFG_WDT$OFF               (abs)        000000
__HRAM                      (abs)        000000
__Habs1                     abs1         000000
__Hbank0                    bank0        000000
__Hbank1                    bank1        000000
__Hbank2                    bank2        000000
__Hbank3                    bank3        000000
__Hbank4                    bank4        000000
__Hbank5                    bank5        000000
__Hbank6                    bank6        000000
__Hbank7                    bank7        000000
__Hbigbss                   bigbss       000000
__Hbigdata                  bigdata      000000
__Hbigram                   bigram       000000
__Hbss                      bss          000000
__HbssCOMRAM                bssCOMRAM    000000
__Hcinit                    cinit        000000
__Hclrtext                  clrtext      000000
__Hcomram                   comram       000000
__Hconfig                   config       30000E
__Hconst                    const        000000
__HcstackBANK0              cstackBANK0  000000
__HcstackCOMRAM             cstackCOMRAM 000000
__Hdata                     data         000000
__HdataBANK0                dataBANK0    000000
__Heeprom_data              eeprom_data  000000
__Hfarbss                   farbss       000000
__Hfardata                  fardata      000000
__Hibigdata                 ibigdata     000000
__Hidata                    idata        000000
__HidataBANK0               idataBANK0   000000
__Hidloc                    idloc        200008
__Hifardata                 ifardata     000000
__Hinit                     init         000012
__Hintcode                  intcode      00000E
__Hintcode_body             intcode_body 000000
__Hintcodelo                intcodelo    00000E
__Hintentry                 intentry     000000
__Hintret                   intret       000000
__Hintsave_regs             intsave_regs 000000
__Hirdata                   irdata       000000
__Hmediumconst              mediumconst  008000
__HnvFARRAM                 nvFARRAM     000000
__Hnvbit                    nvbit        000000
__Hnvrram                   nvrram       000000
__Hparam                    rparam       000000
__Hpowerup                  powerup      00000E
__Hram                      ram          000000
__Hramtop                   ramtop       000800
__Hrbit                     rbit         000000
__Hrbss                     rbss         000000
__Hrdata                    rdata        000000
__Hreset_vec                reset_vec    000004
__Hrparam                   rparam       000000
__Hsfr                      sfr          000000
__Hsmallconst               smallconst   000000
__Hspace_0                  (abs)        30000E
__Hspace_1                  (abs)        0000B5
__Hspace_2                  (abs)        000000
__Hstack                    stack        000000
__Hstruct                   struct       000000
__Htemp                     temp         00004E
__Htext                     text         000000
__Htext0                    text0        000000
__Htext1                    text1        000000
__Htext10                   text10       000000
__Htext11                   text11       000000
__Htext12                   text12       000000
__Htext13                   text13       000000
__Htext14                   text14       000000
__Htext15                   text15       000000
__Htext16                   text16       000000
__Htext17                   text17       000000
__Htext18                   text18       000000
__Htext19                   text19       000000
__Htext2                    text2        000000
__Htext20                   text20       000000
__Htext21                   text21       000000
__Htext22                   text22       000000
__Htext23                   text23       000000
__Htext24                   text24       000000
__Htext25                   text25       000000
__Htext26                   text26       000000
__Htext27                   text27       000000
__Htext28                   text28       000000
__Htext29                   text29       000000
__Htext3                    text3        000000
__Htext30                   text30       000000
__Htext4                    text4        000000
__Htext5                    text5        000000
__Htext6                    text6        000000
__Htext7                    text7        000000
__Htext8                    text8        000000
__Htext9                    text9        000000
__LRAM                      (abs)        000001
__Labs1                     abs1         000000
__Lbank0                    bank0        000000
__Lbank1                    bank1        000000
__Lbank2                    bank2        000000
__Lbank3                    bank3        000000
__Lbank4                    bank4        000000
__Lbank5                    bank5        000000
__Lbank6                    bank6        000000
__Lbank7                    bank7        000000
__Lbigbss                   bigbss       000000
__Lbigdata                  bigdata      000000
__Lbigram                   bigram       000000
__Lbss                      bss          000000
__LbssCOMRAM                bssCOMRAM    000000
__Lcinit                    cinit        000000
__Lclrtext                  clrtext      000000
__Lcomram                   comram       000000
__Lconfig                   config       300000
__Lconst                    const        000000
__LcstackBANK0              cstackBANK0  000000
__LcstackCOMRAM             cstackCOMRAM 000000
__Ldata                     data         000000
__LdataBANK0                dataBANK0    000000
__Leeprom_data              eeprom_data  000000
__Lfarbss                   farbss       000000
__Lfardata                  fardata      000000
__Libigdata                 ibigdata     000000
__Lidata                    idata        000000
__LidataBANK0               idataBANK0   000000
__Lidloc                    idloc        200000
__Lifardata                 ifardata     000000
__Linit                     init         00000E
__Lintcode                  intcode      000008
__Lintcode_body             intcode_body 000000
__Lintcodelo                intcodelo    00000E
__Lintentry                 intentry     000000
__Lintret                   intret       000000
__Lintsave_regs             intsave_regs 000000
__Lirdata                   irdata       000000
__Lmediumconst              mediumconst  0076C2
__LnvFARRAM                 nvFARRAM     000000
__Lnvbit                    nvbit        000000
__Lnvrram                   nvrram       000000
__Lparam                    rparam       000000
__Lpowerup                  powerup      00000E
__Lram                      ram          000000
__Lramtop                   ramtop       000800
__Lrbit                     rbit         000000
__Lrbss                     rbss         000000
__Lrdata                    rdata        000000
__Lreset_vec                reset_vec    000000
__Lrparam                   rparam       000000
__Lsfr                      sfr          000000
__Lsmallconst               smallconst   000000
__Lspace_0                  (abs)        000000
__Lspace_1                  (abs)        000000
__Lspace_2                  (abs)        000000
__Lstack                    stack        000000
__Lstruct                   struct       000000
__Ltemp                     temp         00004D
__Ltext                     text         000000
__Ltext0                    text0        000000
__Ltext1                    text1        000000
__Ltext10                   text10       000000
__Ltext11                   text11       000000
__Ltext12                   text12       000000
__Ltext13                   text13       000000
__Ltext14                   text14       000000
__Ltext15                   text15       000000
__Ltext16                   text16       000000
__Ltext17                   text17       000000
__Ltext18                   text18       000000
__Ltext19                   text19       000000
__Ltext2                    text2        000000
__Ltext20                   text20       000000
__Ltext21                   text21       000000
__Ltext22                   text22       000000
__Ltext23                   text23       000000
__Ltext24                   text24       000000
__Ltext25                   text25       000000
__Ltext26                   text26       000000
__Ltext27                   text27       000000
__Ltext28                   text28       000000
__Ltext29                   text29       000000
__Ltext3                    text3        000000
__Ltext30                   text30       000000
__Ltext4                    text4        000000
__Ltext5                    text5        000000
__Ltext6                    text6        000000
__Ltext7                    text7        000000
__Ltext8                    text8        000000
__Ltext9                    text9        000000
__S0                        (abs)        30000E
__S1                        (abs)        0000B5
__S2                        (abs)        000000
___awdiv                    text21       0017FE
___awdiv@counter            cstackCOMRAM 00001D
___awdiv@dividend           cstackCOMRAM 000019
___awdiv@divisor            cstackCOMRAM 00001B
___awdiv@quotient           cstackCOMRAM 00001F
___awdiv@sign               cstackCOMRAM 00001E
___awmod                    text6        001982
___awmod@counter            cstackCOMRAM 000017
___awmod@dividend           cstackCOMRAM 000013
___awmod@divisor            cstackCOMRAM 000015
___awmod@sign               cstackCOMRAM 000018
___awtoft                   text19       001C46
___awtoft@c                 cstackCOMRAM 000021
___awtoft@sign              cstackCOMRAM 000024
___ftadd                    text14       000D50
___ftadd@exp1               cstackBANK0  000062
___ftadd@exp2               cstackBANK0  000061
___ftadd@f1                 cstackCOMRAM 000040
___ftadd@f2                 cstackCOMRAM 000043
___ftadd@sign               cstackBANK0  000060
___ftge                     text16       00176E
___ftge@ff1                 cstackCOMRAM 000013
___ftge@ff2                 cstackCOMRAM 000016
___ftmul                    text5        0012C4
___ftmul@cntr               cstackCOMRAM 000034
___ftmul@exp                cstackCOMRAM 000030
___ftmul@f1                 cstackCOMRAM 000027
___ftmul@f2                 cstackCOMRAM 00002A
___ftmul@f3_as_product      cstackCOMRAM 000031
___ftmul@sign               cstackCOMRAM 000035
___ftneg                    text15       001D0C
___ftneg@f1                 cstackCOMRAM 000013
___ftpack                   text20       001626
___ftpack@arg               cstackCOMRAM 000013
___ftpack@exp               cstackCOMRAM 000016
___ftpack@sign              cstackCOMRAM 000017
___ftsub                    text13       001B70
___ftsub@f1                 cstackBANK0  000063
___ftsub@f2                 cstackBANK0  000066
___fttol                    text12       0011A8
___fttol@exp1               cstackBANK0  000065
___fttol@f1                 cstackCOMRAM 00003D
___fttol@lval               cstackBANK0  000061
___fttol@sign1              cstackBANK0  000060
___inthi_sp                 stack        000000
___intlo_sp                 stack        000000
___lldiv                    text11       001882
___lldiv@counter            cstackCOMRAM 00001F
___lldiv@dividend           cstackCOMRAM 000013
___lldiv@divisor            cstackCOMRAM 000017
___lldiv@quotient           cstackCOMRAM 00001B
___llmod                    text10       001A60
___llmod@counter            cstackCOMRAM 00001B
___llmod@dividend           cstackCOMRAM 000013
___llmod@divisor            cstackCOMRAM 000017
___lltoft                   text9        001AC6
___lltoft@c                 cstackCOMRAM 00001B
___lltoft@exp               cstackCOMRAM 000023
___param_bank               (abs)        000000
___rparam_used              (abs)        000001
___sp                       stack        000000
___wmul                     text4        001CE6
___wmul@multiplicand        cstackCOMRAM 000023
___wmul@multiplier          cstackCOMRAM 000021
___wmul@product             cstackCOMRAM 000025
__accesstop                 (abs)        000060
__activetblptr              (abs)        000002
__div_to_l_                 text8        001080
__div_to_l_@cntr            cstackCOMRAM 00001D
__div_to_l_@exp1            cstackCOMRAM 00001E
__div_to_l_@f1              cstackCOMRAM 000013
__div_to_l_@f2              cstackCOMRAM 000016
__div_to_l_@quot            cstackCOMRAM 000019
__end_of_Font3x6            mediumconst  007F86
__end_of_Font8x8            mediumconst  007EC3
__end_of_ISR                intcode_body 00176E
__end_of_R0Value            text22       001D94
__end_of___awdiv            text21       001882
__end_of___awmod            text6        0019F2
__end_of___awtoft           text19       001C7E
__end_of___ftadd            text14       000F4E
__end_of___ftge             text16       0017FE
__end_of___ftmul            text5        0013B8
__end_of___ftneg            text15       001D30
__end_of___ftpack           text20       0016D4
__end_of___ftsub            text13       001BBC
__end_of___fttol            text12       0012C4
__end_of___lldiv            text11       001904
__end_of___llmod            text10       001AC6
__end_of___lltoft           text9        001B22
__end_of___wmul             text4        001D0C
__end_of__div_to_l_         text8        0011A8
__end_of__initialization    cinit        001CD8
__end_of__npowers_          mediumconst  007FFC
__end_of__powers_           mediumconst  007FD5
__end_of__tdiv_to_l_        text7        001080
__end_of_dpowers            mediumconst  007FAE
__end_of_fround             text3        000D50
__end_of_glcd_FillScreen    text29       001A60
__end_of_glcd_Init          text28       001626
__end_of_glcd_SetCursor     text27       001C04
__end_of_glcd_WriteByte     text30       001CB4
__end_of_glcd_WriteChar3x6  text26       00149C
__end_of_glcd_WriteChar8X8  text25       001568
__end_of_glcd_WriteString   text24       001C46
__end_of_glcd_text_write    text23       001D50
__end_of_main               text0        001982
__end_of_readX              text18       001B70
__end_of_scale              text2        000AFE
__end_of_setupADC           text17       001D6C
__end_of_sprintf            text1        0006F6
__initialization            cinit        001CB4
__mediumconst               mediumconst  0076C2
__npowers_                  mediumconst  007FD5
__pbssCOMRAM                bssCOMRAM    00004B
__pcinit                    cinit        001CB4
__pcstackBANK0              cstackBANK0  000060
__pcstackCOMRAM             cstackCOMRAM 000001
__pdataBANK0                dataBANK0    0000A1
__pidataBANK0               idataBANK0   001D6C
__pintcode                  intcode      000008
__pintcode_body             intcode_body 0016D4
__pmediumconst              mediumconst  0076C2
__powers_                   mediumconst  007FAE
__ptext0                    text0        001904
__ptext1                    text1        000012
__ptext10                   text10       001A60
__ptext11                   text11       001882
__ptext12                   text12       0011A8
__ptext13                   text13       001B70
__ptext14                   text14       000D50
__ptext15                   text15       001D0C
__ptext16                   text16       00176E
__ptext17                   text17       001D50
__ptext18                   text18       001B22
__ptext19                   text19       001C46
__ptext2                    text2        0006F6
__ptext20                   text20       001626
__ptext21                   text21       0017FE
__ptext22                   text22       001D80
__ptext23                   text23       001D30
__ptext24                   text24       001C04
__ptext25                   text25       00149C
__ptext26                   text26       0013B8
__ptext27                   text27       001BBC
__ptext28                   text28       001568
__ptext29                   text29       0019F2
__ptext3                    text3        000AFE
__ptext30                   text30       001C7E
__ptext4                    text4        001CE6
__ptext5                    text5        0012C4
__ptext6                    text6        001982
__ptext7                    text7        000F4E
__ptext8                    text8        001080
__ptext9                    text9        001AC6
__ramtop                    ramtop       000800
__size_of_ISR               (abs)        000000
__size_of_R0Value           (abs)        000000
__size_of___awdiv           (abs)        000000
__size_of___awmod           (abs)        000000
__size_of___awtoft          (abs)        000000
__size_of___ftadd           (abs)        000000
__size_of___ftge            (abs)        000000
__size_of___ftmul           (abs)        000000
__size_of___ftneg           (abs)        000000
__size_of___ftpack          (abs)        000000
__size_of___ftsub           (abs)        000000
__size_of___fttol           (abs)        000000
__size_of___lldiv           (abs)        000000
__size_of___llmod           (abs)        000000
__size_of___lltoft          (abs)        000000
__size_of___wmul            (abs)        000000
__size_of__div_to_l_        (abs)        000000
__size_of__tdiv_to_l_       (abs)        000000
__size_of_fround            (abs)        000000
__size_of_glcd_FillScreen   (abs)        000000
__size_of_glcd_Init         (abs)        000000
__size_of_glcd_SetCursor    (abs)        000000
__size_of_glcd_WriteByte    (abs)        000000
__size_of_glcd_WriteChar3x6 (abs)        000000
__size_of_glcd_WriteChar8X8 (abs)        000000
__size_of_glcd_WriteString  (abs)        000000
__size_of_glcd_text_write   (abs)        000000
__size_of_main              (abs)        000000
__size_of_readX             (abs)        000000
__size_of_scale             (abs)        000000
__size_of_setupADC          (abs)        000000
__size_of_sprintf           (abs)        000000
__smallconst                smallconst   000000
__tdiv_to_l_                text7        000F4E
__tdiv_to_l_@cntr           cstackCOMRAM 000020
__tdiv_to_l_@exp1           cstackCOMRAM 000021
__tdiv_to_l_@f1             cstackCOMRAM 000013
__tdiv_to_l_@f2             cstackCOMRAM 000016
__tdiv_to_l_@quot           cstackCOMRAM 00001C
_dpowers                    mediumconst  007F86
_fround                     text3        000AFE
_fround$1180                cstackCOMRAM 00003C
_fround$1181                cstackCOMRAM 000039
_glcd_FillScreen            text29       0019F2
_glcd_Init                  text28       001568
_glcd_SetCursor             text27       001BBC
_glcd_WriteByte             text30       001C7E
_glcd_WriteChar3x6          text26       0013B8
_glcd_WriteChar8X8          text25       00149C
_glcd_WriteString           text24       001C04
_glcd_text_write            text23       001D30
_main                       text0        001904
_readX                      text18       001B22
_scale                      text2        0006F6
_scale$1182                 cstackCOMRAM 000039
_setupADC                   text17       001D50
_sprintf                    text1        000012
_sprintf$1183               cstackBANK0  000076
_x                          bssCOMRAM    00004C
_y                          bssCOMRAM    00004B
btemp                       temp         00004D
end_of_initialization       cinit        001CD8
fround@prec                 cstackCOMRAM 00003F
glcd_FillScreen@color       cstackCOMRAM 000015
glcd_FillScreen@i           cstackCOMRAM 000017
glcd_FillScreen@j           cstackCOMRAM 000016
glcd_Init@mode              cstackCOMRAM 000019
glcd_SetCursor@side         cstackCOMRAM 000016
glcd_SetCursor@xpos         cstackCOMRAM 000017
glcd_SetCursor@ypos         cstackCOMRAM 000015
glcd_WriteByte@data         cstackCOMRAM 000013
glcd_WriteByte@side         cstackCOMRAM 000014
glcd_WriteChar3x6@ch        cstackCOMRAM 000019
glcd_WriteChar3x6@color     cstackCOMRAM 000015
glcd_WriteChar3x6@i         cstackCOMRAM 00001A
glcd_WriteChar3x6@side      cstackCOMRAM 00001B
glcd_WriteChar3x6@xpos      cstackCOMRAM 000018
glcd_WriteChar8X8@ch        cstackCOMRAM 00001A
glcd_WriteChar8X8@chr       cstackCOMRAM 000018
glcd_WriteChar8X8@color     cstackCOMRAM 000015
glcd_WriteChar8X8@i         cstackCOMRAM 00001C
glcd_WriteChar8X8@side      cstackCOMRAM 00001D
glcd_WriteChar8X8@xpos      cstackCOMRAM 00001B
glcd_WriteString@color      cstackCOMRAM 000021
glcd_WriteString@font       cstackCOMRAM 000020
glcd_WriteString@str        cstackCOMRAM 00001E
glcd_text_write@str         cstackCOMRAM 000022
glcd_text_write@x           cstackCOMRAM 000024
glcd_text_write@y           cstackCOMRAM 000025
int$flags                   temp         00004D
int_func                    intcode_body 0016D4
intlevel0                   text         000000
intlevel1                   text         000000
intlevel2                   text         000000
intlevel3                   text         000000
main@F4119                  dataBANK0    0000A1
main@str                    cstackBANK0  00008D
readX@value                 cstackCOMRAM 00002A
scale@scl                   cstackCOMRAM 00003C
sprintf@ap                  cstackBANK0  000079
sprintf@c                   cstackBANK0  00008C
sprintf@exp                 cstackBANK0  000083
sprintf@f                   cstackBANK0  00006B
sprintf@flag                cstackBANK0  00007B
sprintf@fval                cstackBANK0  000089
sprintf@prec                cstackBANK0  00007D
sprintf@sp                  cstackBANK0  000069
sprintf@tmpval              cstackBANK0  000085
sprintf@val                 cstackBANK0  00007F
stackhi                     (abs)        0007FF
stacklo                     (abs)        0000B5
start                       init         00000E
start_initialization        cinit        001CB4
wtemp6                      temp         00004E


FUNCTION INFORMATION:

 *************** function _main *****************
 Defined at:
		line 50 in file "main.c"
 Parameters:    Size  Location     Type
		None
 Auto vars:     Size  Location     Type
  str            20   45[BANK0 ] unsigned char [20]
 Return value:  Size  Location     Type
                  1    wreg      void 
 Registers used:
		wreg, fsr1l, fsr1h, fsr2l, fsr2h, status,2, status,0, tblptrl, tblptrh, tblptru, prodl, prodh, cstack
 Tracked objects:
		On entry : 
		On exit  : 
		Unchanged: 
 Data sizes:     COMRAM   BANK0   BANK1   BANK2   BANK3   BANK4   BANK5   BANK6   BANK7
      Params:         0       0       0       0       0       0       0       0       0
      Locals:         0      20       0       0       0       0       0       0       0
      Temps:          2       0       0       0       0       0       0       0       0
      Totals:         2      20       0       0       0       0       0       0       0
Total ram usage:       22 bytes
 Hardware stack levels required when called:    5
 This function calls:
		_glcd_Init
		_glcd_SetCursor
		_glcd_text_write
		_readX
		_setupADC
		_sprintf
 This function is called by:
		Startup code after reset
 This function uses a non-reentrant model


 *************** function _sprintf *****************
 Defined at:
		line 492 in file "C:\Program Files (x86)\Microchip\xc8\v1.43\sources\common\doprnt.c"
 Parameters:    Size  Location     Type
  sp              2    9[BANK0 ] PTR unsigned char 
		 -> main@str(20), 
  f               2   11[BANK0 ] PTR const unsigned char 
		 -> STR_1(3), 
 Auto vars:     Size  Location     Type
  tmpval          4   37[BANK0 ] struct .
  val             4   31[BANK0 ] unsigned long 
  fval            3   41[BANK0 ] unsigned long 
  cp              3    0        PTR const unsigned char 
  exp             2   35[BANK0 ] int 
  prec            2   29[BANK0 ] int 
  flag            2   27[BANK0 ] unsigned short 
  ap              2   25[BANK0 ] PTR void [1]
		 -> ?_sprintf(2), 
  len             2    0        unsigned int 
  width           2    0        int 
  c               1   44[BANK0 ] char 
  d               1    0        unsigned char 
 Return value:  Size  Location     Type
                  2    9[BANK0 ] int 
 Registers used:
		wreg, fsr2l, fsr2h, status,2, status,0, tblptrl, tblptrh, tblptru, prodl, prodh, cstack
 Tracked objects:
		On entry : 
		On exit  : 
		Unchanged: 
 Data sizes:     COMRAM   BANK0   BANK1   BANK2   BANK3   BANK4   BANK5   BANK6   BANK7
      Params:         0       7       0       0       0       0       0       0       0
      Locals:         0      23       0       0       0       0       0       0       0
      Temps:          0       6       0       0       0       0       0       0       0
      Totals:         0      36       0       0       0       0       0       0       0
Total ram usage:       36 bytes
 Hardware stack levels used:    1
 Hardware stack levels required when called:    4
 This function calls:
		___awdiv
		___ftadd
		___ftge
		___ftmul
		___ftneg
		___ftsub
		___fttol
		___lldiv
		___llmod
		___lltoft
		___wmul
		__div_to_l_
		__tdiv_to_l_
		_fround
		_scale
 This function is called by:
		_main
 This function uses a non-reentrant model


 *************** function _scale *****************
 Defined at:
		line 425 in file "C:\Program Files (x86)\Microchip\xc8\v1.43\sources\common\doprnt.c"
 Parameters:    Size  Location     Type
  scl             1    wreg     char 
 Auto vars:     Size  Location     Type
  scl             1   59[COMRAM] char 
 Return value:  Size  Location     Type
                  3   53[COMRAM] char 
 Registers used:
		wreg, status,2, status,0, tblptrl, tblptrh, tblptru, prodl, prodh, cstack
 Tracked objects:
		On entry : 
		On exit  : 
		Unchanged: 
 Data sizes:     COMRAM   BANK0   BANK1   BANK2   BANK3   BANK4   BANK5   BANK6   BANK7
      Params:         3       0       0       0       0       0       0       0       0
      Locals:         4       0       0       0       0       0       0       0       0
      Temps:          0       0       0       0       0       0       0       0       0
      Totals:         7       0       0       0       0       0       0       0       0
Total ram usage:        7 bytes
 Hardware stack levels used:    1
 Hardware stack levels required when called:    3
 This function calls:
		___awdiv
		___awmod
		___ftmul
		___wmul
 This function is called by:
		_sprintf
 This function uses a non-reentrant model


 *************** function _fround *****************
 Defined at:
		line 409 in file "C:\Program Files (x86)\Microchip\xc8\v1.43\sources\common\doprnt.c"
 Parameters:    Size  Location     Type
  prec            1    wreg     unsigned char 
 Auto vars:     Size  Location     Type
  prec            1   62[COMRAM] unsigned char 
 Return value:  Size  Location     Type
                  3   53[COMRAM] unsigned char 
 Registers used:
		wreg, status,2, status,0, tblptrl, tblptrh, tblptru, prodl, prodh, cstack
 Tracked objects:
		On entry : 
		On exit  : 
		Unchanged: 
 Data sizes:     COMRAM   BANK0   BANK1   BANK2   BANK3   BANK4   BANK5   BANK6   BANK7
      Params:         3       0       0       0       0       0       0       0       0
      Locals:         7       0       0       0       0       0       0       0       0
      Temps:          0       0       0       0       0       0       0       0       0
      Totals:        10       0       0       0       0       0       0       0       0
Total ram usage:       10 bytes
 Hardware stack levels used:    1
 Hardware stack levels required when called:    3
 This function calls:
		___awdiv
		___awmod
		___ftmul
		___wmul
 This function is called by:
		_sprintf
 This function uses a non-reentrant model


 *************** function ___wmul *****************
 Defined at:
		line 15 in file "C:\Program Files (x86)\Microchip\xc8\v1.43\sources\common\Umul16.c"
 Parameters:    Size  Location     Type
  multiplier      2   32[COMRAM] unsigned int 
  multiplicand    2   34[COMRAM] unsigned int 
 Auto vars:     Size  Location     Type
  product         2   36[COMRAM] unsigned int 
 Return value:  Size  Location     Type
                  2   32[COMRAM] unsigned int 
 Registers used:
		wreg, status,2, status,0, prodl, prodh
 Tracked objects:
		On entry : 
		On exit  : 
		Unchanged: 
 Data sizes:     COMRAM   BANK0   BANK1   BANK2   BANK3   BANK4   BANK5   BANK6   BANK7
      Params:         4       0       0       0       0       0       0       0       0
      Locals:         2       0       0       0       0       0       0       0       0
      Temps:          0       0       0       0       0       0       0       0       0
      Totals:         6       0       0       0       0       0       0       0       0
Total ram usage:        6 bytes
 Hardware stack levels used:    1
 Hardware stack levels required when called:    1
 This function calls:
		Nothing
 This function is called by:
		_fround
		_scale
		_sprintf
 This function uses a non-reentrant model


 *************** function ___ftmul *****************
 Defined at:
		line 62 in file "C:\Program Files (x86)\Microchip\xc8\v1.43\sources\common\ftmul.c"
 Parameters:    Size  Location     Type
  f1              3   38[COMRAM] float 
  f2              3   41[COMRAM] float 
 Auto vars:     Size  Location     Type
  f3_as_produc    3   48[COMRAM] unsigned um
  sign            1   52[COMRAM] unsigned char 
  cntr            1   51[COMRAM] unsigned char 
  exp             1   47[COMRAM] unsigned char 
 Return value:  Size  Location     Type
                  3   38[COMRAM] float 
 Registers used:
		wreg, status,2, status,0, cstack
 Tracked objects:
		On entry : 
		On exit  : 
		Unchanged: 
 Data sizes:     COMRAM   BANK0   BANK1   BANK2   BANK3   BANK4   BANK5   BANK6   BANK7
      Params:         6       0       0       0       0       0       0       0       0
      Locals:         6       0       0       0       0       0       0       0       0
      Temps:          3       0       0       0       0       0       0       0       0
      Totals:        15       0       0       0       0       0       0       0       0
Total ram usage:       15 bytes
 Hardware stack levels used:    1
 Hardware stack levels required when called:    2
 This function calls:
		___ftpack
 This function is called by:
		_fround
		_scale
		_sprintf
 This function uses a non-reentrant model


 *************** function ___awmod *****************
 Defined at:
		line 8 in file "C:\Program Files (x86)\Microchip\xc8\v1.43\sources\common\awmod.c"
 Parameters:    Size  Location     Type
  dividend        2   18[COMRAM] int 
  divisor         2   20[COMRAM] int 
 Auto vars:     Size  Location     Type
  sign            1   23[COMRAM] unsigned char 
  counter         1   22[COMRAM] unsigned char 
 Return value:  Size  Location     Type
                  2   18[COMRAM] int 
 Registers used:
		wreg, status,2, status,0
 Tracked objects:
		On entry : 
		On exit  : 
		Unchanged: 
 Data sizes:     COMRAM   BANK0   BANK1   BANK2   BANK3   BANK4   BANK5   BANK6   BANK7
      Params:         4       0       0       0       0       0       0       0       0
      Locals:         2       0       0       0       0       0       0       0       0
      Temps:          0       0       0       0       0       0       0       0       0
      Totals:         6       0       0       0       0       0       0       0       0
Total ram usage:        6 bytes
 Hardware stack levels used:    1
 Hardware stack levels required when called:    1
 This function calls:
		Nothing
 This function is called by:
		_fround
		_scale
 This function uses a non-reentrant model


 *************** function __tdiv_to_l_ *****************
 Defined at:
		line 60 in file "C:\Program Files (x86)\Microchip\xc8\v1.43\sources\common\ftdivl.c"
 Parameters:    Size  Location     Type
  f1              3   18[COMRAM] float 
  f2              3   21[COMRAM] float 
 Auto vars:     Size  Location     Type
  quot            4   27[COMRAM] unsigned long 
  exp1            1   32[COMRAM] unsigned char 
  cntr            1   31[COMRAM] unsigned char 
 Return value:  Size  Location     Type
                  4   18[COMRAM] unsigned long 
 Registers used:
		wreg, status,2, status,0
 Tracked objects:
		On entry : 
		On exit  : 
		Unchanged: 
 Data sizes:     COMRAM   BANK0   BANK1   BANK2   BANK3   BANK4   BANK5   BANK6   BANK7
      Params:         6       0       0       0       0       0       0       0       0
      Locals:         6       0       0       0       0       0       0       0       0
      Temps:          3       0       0       0       0       0       0       0       0
      Totals:        15       0       0       0       0       0       0       0       0
Total ram usage:       15 bytes
 Hardware stack levels used:    1
 Hardware stack levels required when called:    1
 This function calls:
		Nothing
 This function is called by:
		_sprintf
 This function uses a non-reentrant model


 *************** function __div_to_l_ *****************
 Defined at:
		line 60 in file "C:\Program Files (x86)\Microchip\xc8\v1.43\sources\common\fldivl.c"
 Parameters:    Size  Location     Type
  f1              3   18[COMRAM] unsigned long 
  f2              3   21[COMRAM] unsigned long 
 Auto vars:     Size  Location     Type
  quot            4   24[COMRAM] unsigned long 
  exp1            1   29[COMRAM] unsigned char 
  cntr            1   28[COMRAM] unsigned char 
 Return value:  Size  Location     Type
                  4   18[COMRAM] unsigned long 
 Registers used:
		wreg, status,2, status,0
 Tracked objects:
		On entry : 
		On exit  : 
		Unchanged: 
 Data sizes:     COMRAM   BANK0   BANK1   BANK2   BANK3   BANK4   BANK5   BANK6   BANK7
      Params:         6       0       0       0       0       0       0       0       0
      Locals:         6       0       0       0       0       0       0       0       0
      Temps:          0       0       0       0       0       0       0       0       0
      Totals:        12       0       0       0       0       0       0       0       0
Total ram usage:       12 bytes
 Hardware stack levels used:    1
 Hardware stack levels required when called:    1
 This function calls:
		Nothing
 This function is called by:
		_sprintf
 This function uses a non-reentrant model


 *************** function ___lltoft *****************
 Defined at:
		line 35 in file "C:\Program Files (x86)\Microchip\xc8\v1.43\sources\common\lltoft.c"
 Parameters:    Size  Location     Type
  c               4   26[COMRAM] unsigned long 
 Auto vars:     Size  Location     Type
  exp             1   34[COMRAM] unsigned char 
 Return value:  Size  Location     Type
                  3   26[COMRAM] float 
 Registers used:
		wreg, status,2, status,0, cstack
 Tracked objects:
		On entry : 
		On exit  : 
		Unchanged: 
 Data sizes:     COMRAM   BANK0   BANK1   BANK2   BANK3   BANK4   BANK5   BANK6   BANK7
      Params:         4       0       0       0       0       0       0       0       0
      Locals:         1       0       0       0       0       0       0       0       0
      Temps:          4       0       0       0       0       0       0       0       0
      Totals:         9       0       0       0       0       0       0       0       0
Total ram usage:        9 bytes
 Hardware stack levels used:    1
 Hardware stack levels required when called:    2
 This function calls:
		___ftpack
 This function is called by:
		_sprintf
 This function uses a non-reentrant model


 *************** function ___llmod *****************
 Defined at:
		line 8 in file "C:\Program Files (x86)\Microchip\xc8\v1.43\sources\common\llmod.c"
 Parameters:    Size  Location     Type
  dividend        4   18[COMRAM] unsigned long 
  divisor         4   22[COMRAM] unsigned long 
 Auto vars:     Size  Location     Type
  counter         1   26[COMRAM] unsigned char 
 Return value:  Size  Location     Type
                  4   18[COMRAM] unsigned long 
 Registers used:
		wreg, status,2, status,0
 Tracked objects:
		On entry : 
		On exit  : 
		Unchanged: 
 Data sizes:     COMRAM   BANK0   BANK1   BANK2   BANK3   BANK4   BANK5   BANK6   BANK7
      Params:         8       0       0       0       0       0       0       0       0
      Locals:         1       0       0       0       0       0       0       0       0
      Temps:          0       0       0       0       0       0       0       0       0
      Totals:         9       0       0       0       0       0       0       0       0
Total ram usage:        9 bytes
 Hardware stack levels used:    1
 Hardware stack levels required when called:    1
 This function calls:
		Nothing
 This function is called by:
		_sprintf
 This function uses a non-reentrant model


 *************** function ___lldiv *****************
 Defined at:
		line 8 in file "C:\Program Files (x86)\Microchip\xc8\v1.43\sources\common\lldiv.c"
 Parameters:    Size  Location     Type
  dividend        4   18[COMRAM] unsigned long 
  divisor         4   22[COMRAM] unsigned long 
 Auto vars:     Size  Location     Type
  quotient        4   26[COMRAM] unsigned long 
  counter         1   30[COMRAM] unsigned char 
 Return value:  Size  Location     Type
                  4   18[COMRAM] unsigned long 
 Registers used:
		wreg, status,2, status,0
 Tracked objects:
		On entry : 
		On exit  : 
		Unchanged: 
 Data sizes:     COMRAM   BANK0   BANK1   BANK2   BANK3   BANK4   BANK5   BANK6   BANK7
      Params:         8       0       0       0       0       0       0       0       0
      Locals:         5       0       0       0       0       0       0       0       0
      Temps:          0       0       0       0       0       0       0       0       0
      Totals:        13       0       0       0       0       0       0       0       0
Total ram usage:       13 bytes
 Hardware stack levels used:    1
 Hardware stack levels required when called:    1
 This function calls:
		Nothing
 This function is called by:
		_sprintf
 This function uses a non-reentrant model


 *************** function ___fttol *****************
 Defined at:
		line 44 in file "C:\Program Files (x86)\Microchip\xc8\v1.43\sources\common\fttol.c"
 Parameters:    Size  Location     Type
  f1              3   60[COMRAM] float 
 Auto vars:     Size  Location     Type
  lval            4    1[BANK0 ] unsigned long 
  exp1            1    5[BANK0 ] unsigned char 
  sign1           1    0[BANK0 ] unsigned char 
 Return value:  Size  Location     Type
                  4   60[COMRAM] long 
 Registers used:
		wreg, status,2, status,0
 Tracked objects:
		On entry : 
		On exit  : 
		Unchanged: 
 Data sizes:     COMRAM   BANK0   BANK1   BANK2   BANK3   BANK4   BANK5   BANK6   BANK7
      Params:         4       0       0       0       0       0       0       0       0
      Locals:         0       6       0       0       0       0       0       0       0
      Temps:          5       0       0       0       0       0       0       0       0
      Totals:         9       6       0       0       0       0       0       0       0
Total ram usage:       15 bytes
 Hardware stack levels used:    1
 Hardware stack levels required when called:    1
 This function calls:
		Nothing
 This function is called by:
		_sprintf
 This function uses a non-reentrant model


 *************** function ___ftsub *****************
 Defined at:
		line 20 in file "C:\Program Files (x86)\Microchip\xc8\v1.43\sources\common\ftsub.c"
 Parameters:    Size  Location     Type
  f1              3    3[BANK0 ] float 
  f2              3    6[BANK0 ] float 
 Auto vars:     Size  Location     Type
		None
 Return value:  Size  Location     Type
                  3    3[BANK0 ] float 
 Registers used:
		wreg, status,2, status,0, cstack
 Tracked objects:
		On entry : 
		On exit  : 
		Unchanged: 
 Data sizes:     COMRAM   BANK0   BANK1   BANK2   BANK3   BANK4   BANK5   BANK6   BANK7
      Params:         0       6       0       0       0       0       0       0       0
      Locals:         0       0       0       0       0       0       0       0       0
      Temps:          0       0       0       0       0       0       0       0       0
      Totals:         0       6       0       0       0       0       0       0       0
Total ram usage:        6 bytes
 Hardware stack levels used:    1
 Hardware stack levels required when called:    3
 This function calls:
		___ftadd
 This function is called by:
		_sprintf
 This function uses a non-reentrant model


 *************** function ___ftadd *****************
 Defined at:
		line 86 in file "C:\Program Files (x86)\Microchip\xc8\v1.43\sources\common\ftadd.c"
 Parameters:    Size  Location     Type
  f1              3   63[COMRAM] float 
  f2              3   66[COMRAM] float 
 Auto vars:     Size  Location     Type
  exp1            1    2[BANK0 ] unsigned char 
  exp2            1    1[BANK0 ] unsigned char 
  sign            1    0[BANK0 ] unsigned char 
 Return value:  Size  Location     Type
                  3   63[COMRAM] float 
 Registers used:
		wreg, status,2, status,0, cstack
 Tracked objects:
		On entry : 
		On exit  : 
		Unchanged: 
 Data sizes:     COMRAM   BANK0   BANK1   BANK2   BANK3   BANK4   BANK5   BANK6   BANK7
      Params:         6       0       0       0       0       0       0       0       0
      Locals:         0       3       0       0       0       0       0       0       0
      Temps:          3       0       0       0       0       0       0       0       0
      Totals:         9       3       0       0       0       0       0       0       0
Total ram usage:       12 bytes
 Hardware stack levels used:    1
 Hardware stack levels required when called:    2
 This function calls:
		___ftpack
 This function is called by:
		_sprintf
		___ftsub
 This function uses a non-reentrant model


 *************** function ___ftneg *****************
 Defined at:
		line 15 in file "C:\Program Files (x86)\Microchip\xc8\v1.43\sources\common\ftneg.c"
 Parameters:    Size  Location     Type
  f1              3   18[COMRAM] float 
 Auto vars:     Size  Location     Type
		None
 Return value:  Size  Location     Type
                  3   18[COMRAM] float 
 Registers used:
		wreg, status,2, status,0
 Tracked objects:
		On entry : 
		On exit  : 
		Unchanged: 
 Data sizes:     COMRAM   BANK0   BANK1   BANK2   BANK3   BANK4   BANK5   BANK6   BANK7
      Params:         3       0       0       0       0       0       0       0       0
      Locals:         0       0       0       0       0       0       0       0       0
      Temps:          0       0       0       0       0       0       0       0       0
      Totals:         3       0       0       0       0       0       0       0       0
Total ram usage:        3 bytes
 Hardware stack levels used:    1
 Hardware stack levels required when called:    1
 This function calls:
		Nothing
 This function is called by:
		_sprintf
 This function uses a non-reentrant model


 *************** function ___ftge *****************
 Defined at:
		line 4 in file "C:\Program Files (x86)\Microchip\xc8\v1.43\sources\common\ftge.c"
 Parameters:    Size  Location     Type
  ff1             3   18[COMRAM] float 
  ff2             3   21[COMRAM] float 
 Auto vars:     Size  Location     Type
		None
 Return value:  Size  Location     Type
		None               void
 Registers used:
		wreg, status,2, status,0
 Tracked objects:
		On entry : 
		On exit  : 
		Unchanged: 
 Data sizes:     COMRAM   BANK0   BANK1   BANK2   BANK3   BANK4   BANK5   BANK6   BANK7
      Params:         6       0       0       0       0       0       0       0       0
      Locals:         0       0       0       0       0       0       0       0       0
      Temps:          3       0       0       0       0       0       0       0       0
      Totals:         9       0       0       0       0       0       0       0       0
Total ram usage:        9 bytes
 Hardware stack levels used:    1
 Hardware stack levels required when called:    1
 This function calls:
		Nothing
 This function is called by:
		_sprintf
 This function uses a non-reentrant model


 *************** function _setupADC *****************
 Defined at:
		line 21 in file "glcd_library/TS.c"
 Parameters:    Size  Location     Type
		None
 Auto vars:     Size  Location     Type
		None
 Return value:  Size  Location     Type
                  1    wreg      void 
 Registers used:
		wreg, status,2
 Tracked objects:
		On entry : 
		On exit  : 
		Unchanged: 
 Data sizes:     COMRAM   BANK0   BANK1   BANK2   BANK3   BANK4   BANK5   BANK6   BANK7
      Params:         0       0       0       0       0       0       0       0       0
      Locals:         0       0       0       0       0       0       0       0       0
      Temps:          0       0       0       0       0       0       0       0       0
      Totals:         0       0       0       0       0       0       0       0       0
Total ram usage:        0 bytes
 Hardware stack levels used:    1
 Hardware stack levels required when called:    1
 This function calls:
		Nothing
 This function is called by:
		_main
 This function uses a non-reentrant model


 *************** function _readX *****************
 Defined at:
		line 51 in file "glcd_library/TS.c"
 Parameters:    Size  Location     Type
		None
 Auto vars:     Size  Location     Type
  value           2   41[COMRAM] int 
 Return value:  Size  Location     Type
                  3   36[COMRAM] float 
 Registers used:
		wreg, status,2, status,0, cstack
 Tracked objects:
		On entry : 
		On exit  : 
		Unchanged: 
 Data sizes:     COMRAM   BANK0   BANK1   BANK2   BANK3   BANK4   BANK5   BANK6   BANK7
      Params:         3       0       0       0       0       0       0       0       0
      Locals:         2       0       0       0       0       0       0       0       0
      Temps:          2       0       0       0       0       0       0       0       0
      Totals:         7       0       0       0       0       0       0       0       0
Total ram usage:        7 bytes
 Hardware stack levels used:    1
 Hardware stack levels required when called:    3
 This function calls:
		_R0Value
		___awdiv
		___awtoft
 This function is called by:
		_main
 This function uses a non-reentrant model


 *************** function ___awtoft *****************
 Defined at:
		line 32 in file "C:\Program Files (x86)\Microchip\xc8\v1.43\sources\common\awtoft.c"
 Parameters:    Size  Location     Type
  c               2   32[COMRAM] int 
 Auto vars:     Size  Location     Type
  sign            1   35[COMRAM] unsigned char 
 Return value:  Size  Location     Type
                  3   32[COMRAM] float 
 Registers used:
		wreg, status,2, status,0, cstack
 Tracked objects:
		On entry : 
		On exit  : 
		Unchanged: 
 Data sizes:     COMRAM   BANK0   BANK1   BANK2   BANK3   BANK4   BANK5   BANK6   BANK7
      Params:         3       0       0       0       0       0       0       0       0
      Locals:         1       0       0       0       0       0       0       0       0
      Temps:          0       0       0       0       0       0       0       0       0
      Totals:         4       0       0       0       0       0       0       0       0
Total ram usage:        4 bytes
 Hardware stack levels used:    1
 Hardware stack levels required when called:    2
 This function calls:
		___ftpack
 This function is called by:
		_readX
		_readY
 This function uses a non-reentrant model


 *************** function ___ftpack *****************
 Defined at:
		line 62 in file "C:\Program Files (x86)\Microchip\xc8\v1.43\sources\common\float.c"
 Parameters:    Size  Location     Type
  arg             3   18[COMRAM] unsigned um
  exp             1   21[COMRAM] unsigned char 
  sign            1   22[COMRAM] unsigned char 
 Auto vars:     Size  Location     Type
		None
 Return value:  Size  Location     Type
                  3   18[COMRAM] float 
 Registers used:
		wreg, status,2, status,0
 Tracked objects:
		On entry : 
		On exit  : 
		Unchanged: 
 Data sizes:     COMRAM   BANK0   BANK1   BANK2   BANK3   BANK4   BANK5   BANK6   BANK7
      Params:         5       0       0       0       0       0       0       0       0
      Locals:         0       0       0       0       0       0       0       0       0
      Temps:          3       0       0       0       0       0       0       0       0
      Totals:         8       0       0       0       0       0       0       0       0
Total ram usage:        8 bytes
 Hardware stack levels used:    1
 Hardware stack levels required when called:    1
 This function calls:
		Nothing
 This function is called by:
		___awtoft
		___ftadd
		___ftmul
		___lltoft
 This function uses a non-reentrant model


 *************** function ___awdiv *****************
 Defined at:
		line 8 in file "C:\Program Files (x86)\Microchip\xc8\v1.43\sources\common\awdiv.c"
 Parameters:    Size  Location     Type
  dividend        2   24[COMRAM] int 
  divisor         2   26[COMRAM] int 
 Auto vars:     Size  Location     Type
  quotient        2   30[COMRAM] int 
  sign            1   29[COMRAM] unsigned char 
  counter         1   28[COMRAM] unsigned char 
 Return value:  Size  Location     Type
                  2   24[COMRAM] int 
 Registers used:
		wreg, status,2, status,0
 Tracked objects:
		On entry : 
		On exit  : 
		Unchanged: 
 Data sizes:     COMRAM   BANK0   BANK1   BANK2   BANK3   BANK4   BANK5   BANK6   BANK7
      Params:         4       0       0       0       0       0       0       0       0
      Locals:         4       0       0       0       0       0       0       0       0
      Temps:          0       0       0       0       0       0       0       0       0
      Totals:         8       0       0       0       0       0       0       0       0
Total ram usage:        8 bytes
 Hardware stack levels used:    1
 Hardware stack levels required when called:    1
 This function calls:
		Nothing
 This function is called by:
		_readX
		_fround
		_scale
		_sprintf
		_glcd_PlotPixel
		_readY
 This function uses a non-reentrant model


 *************** function _R0Value *****************
 Defined at:
		line 43 in file "glcd_library/TS.c"
 Parameters:    Size  Location     Type
		None
 Auto vars:     Size  Location     Type
		None
 Return value:  Size  Location     Type
                  2   18[COMRAM] int 
 Registers used:
		wreg, status,2
 Tracked objects:
		On entry : 
		On exit  : 
		Unchanged: 
 Data sizes:     COMRAM   BANK0   BANK1   BANK2   BANK3   BANK4   BANK5   BANK6   BANK7
      Params:         2       0       0       0       0       0       0       0       0
      Locals:         0       0       0       0       0       0       0       0       0
      Temps:          0       0       0       0       0       0       0       0       0
      Totals:         2       0       0       0       0       0       0       0       0
Total ram usage:        2 bytes
 Hardware stack levels used:    1
 Hardware stack levels required when called:    1
 This function calls:
		Nothing
 This function is called by:
		_readX
 This function uses a non-reentrant model


 *************** function _glcd_text_write *****************
 Defined at:
		line 684 in file "glcd_library/glcd.c"
 Parameters:    Size  Location     Type
  str             2   33[COMRAM] PTR const unsigned char 
		 -> main@str(20), 
  x               1   35[COMRAM] unsigned char 
  y               1   36[COMRAM] unsigned char 
 Auto vars:     Size  Location     Type
		None
 Return value:  Size  Location     Type
                  1    wreg      void 
 Registers used:
		wreg, fsr2l, fsr2h, status,2, status,0, tblptrl, tblptrh, tblptru, prodl, prodh, cstack
 Tracked objects:
		On entry : 
		On exit  : 
		Unchanged: 
 Data sizes:     COMRAM   BANK0   BANK1   BANK2   BANK3   BANK4   BANK5   BANK6   BANK7
      Params:         4       0       0       0       0       0       0       0       0
      Locals:         0       0       0       0       0       0       0       0       0
      Temps:          0       0       0       0       0       0       0       0       0
      Totals:         4       0       0       0       0       0       0       0       0
Total ram usage:        4 bytes
 Hardware stack levels used:    1
 Hardware stack levels required when called:    4
 This function calls:
		_glcd_SetCursor
		_glcd_WriteString
 This function is called by:
		_main
 This function uses a non-reentrant model


 *************** function _glcd_WriteString *****************
 Defined at:
		line 672 in file "glcd_library/glcd.c"
 Parameters:    Size  Location     Type
  str             2   29[COMRAM] PTR const unsigned char 
		 -> main@str(20), 
  font            1   31[COMRAM] unsigned char 
  color           1   32[COMRAM] unsigned char 
 Auto vars:     Size  Location     Type
		None
 Return value:  Size  Location     Type
                  1    wreg      void 
 Registers used:
		wreg, fsr2l, fsr2h, status,2, status,0, tblptrl, tblptrh, tblptru, prodl, prodh, cstack
 Tracked objects:
		On entry : 
		On exit  : 
		Unchanged: 
 Data sizes:     COMRAM   BANK0   BANK1   BANK2   BANK3   BANK4   BANK5   BANK6   BANK7
      Params:         4       0       0       0       0       0       0       0       0
      Locals:         0       0       0       0       0       0       0       0       0
      Temps:          0       0       0       0       0       0       0       0       0
      Totals:         4       0       0       0       0       0       0       0       0
Total ram usage:        4 bytes
 Hardware stack levels used:    1
 Hardware stack levels required when called:    3
 This function calls:
		_glcd_WriteChar3x6
		_glcd_WriteChar8X8
 This function is called by:
		_glcd_text_write
 This function uses a non-reentrant model


 *************** function _glcd_WriteChar8X8 *****************
 Defined at:
		line 578 in file "glcd_library/glcd.c"
 Parameters:    Size  Location     Type
  ch              1    wreg     unsigned char 
  color           1   20[COMRAM] unsigned char 
 Auto vars:     Size  Location     Type
  ch              1   25[COMRAM] unsigned char 
  chr             2   23[COMRAM] unsigned int 
  side            1   28[COMRAM] unsigned char 
  i               1   27[COMRAM] unsigned char 
  xpos            1   26[COMRAM] unsigned char 
 Return value:  Size  Location     Type
                  1    wreg      void 
 Registers used:
		wreg, status,2, status,0, tblptrl, tblptrh, tblptru, prodl, prodh, cstack
 Tracked objects:
		On entry : 
		On exit  : 
		Unchanged: 
 Data sizes:     COMRAM   BANK0   BANK1   BANK2   BANK3   BANK4   BANK5   BANK6   BANK7
      Params:         1       0       0       0       0       0       0       0       0
      Locals:         6       0       0       0       0       0       0       0       0
      Temps:          2       0       0       0       0       0       0       0       0
      Totals:         9       0       0       0       0       0       0       0       0
Total ram usage:        9 bytes
 Hardware stack levels used:    1
 Hardware stack levels required when called:    2
 This function calls:
		_glcd_WriteByte
 This function is called by:
		_glcd_WriteString
 This function uses a non-reentrant model


 *************** function _glcd_WriteChar3x6 *****************
 Defined at:
		line 626 in file "glcd_library/glcd.c"
 Parameters:    Size  Location     Type
  ch              1    wreg     unsigned char 
  color           1   20[COMRAM] unsigned char 
 Auto vars:     Size  Location     Type
  ch              1   24[COMRAM] unsigned char 
  side            1   26[COMRAM] unsigned char 
  i               1   25[COMRAM] unsigned char 
  xpos            1   23[COMRAM] unsigned char 
 Return value:  Size  Location     Type
                  1    wreg      void 
 Registers used:
		wreg, status,2, status,0, tblptrl, tblptrh, tblptru, prodl, prodh, cstack
 Tracked objects:
		On entry : 
		On exit  : 
		Unchanged: 
 Data sizes:     COMRAM   BANK0   BANK1   BANK2   BANK3   BANK4   BANK5   BANK6   BANK7
      Params:         1       0       0       0       0       0       0       0       0
      Locals:         4       0       0       0       0       0       0       0       0
      Temps:          2       0       0       0       0       0       0       0       0
      Totals:         7       0       0       0       0       0       0       0       0
Total ram usage:        7 bytes
 Hardware stack levels used:    1
 Hardware stack levels required when called:    2
 This function calls:
		_glcd_WriteByte
 This function is called by:
		_glcd_WriteString
 This function uses a non-reentrant model


 *************** function _glcd_SetCursor *****************
 Defined at:
		line 553 in file "glcd_library/glcd.c"
 Parameters:    Size  Location     Type
  xpos            1    wreg     unsigned char 
  ypos            1   20[COMRAM] unsigned char 
 Auto vars:     Size  Location     Type
  xpos            1   22[COMRAM] unsigned char 
  side            1   21[COMRAM] unsigned char 
 Return value:  Size  Location     Type
                  1    wreg      void 
 Registers used:
		wreg, status,2, status,0, cstack
 Tracked objects:
		On entry : 
		On exit  : 
		Unchanged: 
 Data sizes:     COMRAM   BANK0   BANK1   BANK2   BANK3   BANK4   BANK5   BANK6   BANK7
      Params:         1       0       0       0       0       0       0       0       0
      Locals:         2       0       0       0       0       0       0       0       0
      Temps:          0       0       0       0       0       0       0       0       0
      Totals:         3       0       0       0       0       0       0       0       0
Total ram usage:        3 bytes
 Hardware stack levels used:    1
 Hardware stack levels required when called:    2
 This function calls:
		_glcd_WriteByte
 This function is called by:
		_main
		_glcd_text_write
 This function uses a non-reentrant model


 *************** function _glcd_Init *****************
 Defined at:
		line 339 in file "glcd_library/glcd.c"
 Parameters:    Size  Location     Type
  mode            1    wreg     unsigned char 
 Auto vars:     Size  Location     Type
  mode            1   24[COMRAM] unsigned char 
  k               1    0        unsigned char 
  j               1    0        unsigned char 
  i               1    0        unsigned char 
 Return value:  Size  Location     Type
                  1    wreg      void 
 Registers used:
		wreg, status,2, status,0, prodl, prodh, cstack
 Tracked objects:
		On entry : 
		On exit  : 
		Unchanged: 
 Data sizes:     COMRAM   BANK0   BANK1   BANK2   BANK3   BANK4   BANK5   BANK6   BANK7
      Params:         0       0       0       0       0       0       0       0       0
      Locals:         1       0       0       0       0       0       0       0       0
      Temps:          1       0       0       0       0       0       0       0       0
      Totals:         2       0       0       0       0       0       0       0       0
Total ram usage:        2 bytes
 Hardware stack levels used:    1
 Hardware stack levels required when called:    3
 This function calls:
		_glcd_FillScreen
		_glcd_WriteByte
 This function is called by:
		_main
 This function uses a non-reentrant model


 *************** function _glcd_FillScreen *****************
 Defined at:
		line 529 in file "glcd_library/glcd.c"
 Parameters:    Size  Location     Type
  color           1    wreg     unsigned char 
 Auto vars:     Size  Location     Type
  color           1   20[COMRAM] unsigned char 
  i               1   22[COMRAM] unsigned char 
  j               1   21[COMRAM] unsigned char 
 Return value:  Size  Location     Type
                  1    wreg      void 
 Registers used:
		wreg, status,2, status,0, prodl, prodh, cstack
 Tracked objects:
		On entry : 
		On exit  : 
		Unchanged: 
 Data sizes:     COMRAM   BANK0   BANK1   BANK2   BANK3   BANK4   BANK5   BANK6   BANK7
      Params:         0       0       0       0       0       0       0       0       0
      Locals:         3       0       0       0       0       0       0       0       0
      Temps:          0       0       0       0       0       0       0       0       0
      Totals:         3       0       0       0       0       0       0       0       0
Total ram usage:        3 bytes
 Hardware stack levels used:    1
 Hardware stack levels required when called:    2
 This function calls:
		_glcd_WriteByte
 This function is called by:
		_glcd_Init
 This function uses a non-reentrant model


 *************** function _glcd_WriteByte *****************
 Defined at:
		line 394 in file "glcd_library/glcd.c"
 Parameters:    Size  Location     Type
  side            1    wreg     unsigned char 
  data            1   18[COMRAM] unsigned char 
 Auto vars:     Size  Location     Type
  side            1   19[COMRAM] unsigned char 
 Return value:  Size  Location     Type
                  1    wreg      void 
 Registers used:
		wreg, status,2
 Tracked objects:
		On entry : 
		On exit  : 
		Unchanged: 
 Data sizes:     COMRAM   BANK0   BANK1   BANK2   BANK3   BANK4   BANK5   BANK6   BANK7
      Params:         1       0       0       0       0       0       0       0       0
      Locals:         1       0       0       0       0       0       0       0       0
      Temps:          0       0       0       0       0       0       0       0       0
      Totals:         2       0       0       0       0       0       0       0       0
Total ram usage:        2 bytes
 Hardware stack levels used:    1
 Hardware stack levels required when called:    1
 This function calls:
		Nothing
 This function is called by:
		_glcd_Init
		_glcd_FillScreen
		_glcd_SetCursor
		_glcd_WriteChar8X8
		_glcd_WriteChar3x6
		_glcd_PlotPixel
		_glcd_Image
 This function uses a non-reentrant model


 *************** function _ISR *****************
 Defined at:
		line 11 in file "glcd_library/TS.c"
 Parameters:    Size  Location     Type
		None
 Auto vars:     Size  Location     Type
		None
 Return value:  Size  Location     Type
                  1    wreg      void 
 Registers used:
		None
 Tracked objects:
		On entry : 
		On exit  : 
		Unchanged: 
 Data sizes:     COMRAM   BANK0   BANK1   BANK2   BANK3   BANK4   BANK5   BANK6   BANK7
      Params:         0       0       0       0       0       0       0       0       0
      Locals:         0       0       0       0       0       0       0       0       0
      Temps:         18       0       0       0       0       0       0       0       0
      Totals:        18       0       0       0       0       0       0       0       0
Total ram usage:       18 bytes
 Hardware stack levels used:    1
 This function calls:
		Nothing
 This function is called by:
		Interrupt level 2
 This function uses a non-reentrant model



MODULE INFORMATION

Module		Function		Class		Link	Load	Size
C:\Program Files (x86)\Microchip\xc8\v1.43\sources\common\ftmul.c
		___ftmul       		CODE           	12C4	0000	245

C:\Program Files (x86)\Microchip\xc8\v1.43\sources\common\ftmul.c estimated size: 245

C:\Program Files (x86)\Microchip\xc8\v1.43\sources\common\fldivl.c
		__div_to_l_    		CODE           	1080	0000	297

C:\Program Files (x86)\Microchip\xc8\v1.43\sources\common\fldivl.c estimated size: 297

C:\Program Files (x86)\Microchip\xc8\v1.43\sources\common\ftge.c
		___ftge        		CODE           	176E	0000	145

C:\Program Files (x86)\Microchip\xc8\v1.43\sources\common\ftge.c estimated size: 145

C:\Program Files (x86)\Microchip\xc8\v1.43\sources\common\awdiv.c
		___awdiv       		CODE           	17FE	0000	133

C:\Program Files (x86)\Microchip\xc8\v1.43\sources\common\awdiv.c estimated size: 133

C:\Program Files (x86)\Microchip\xc8\v1.43\sources\common\awtoft.c
		___awtoft      		CODE           	1C46	0000	57

C:\Program Files (x86)\Microchip\xc8\v1.43\sources\common\awtoft.c estimated size: 57

C:\Program Files (x86)\Microchip\xc8\v1.43\sources\common\lldiv.c
		___lldiv       		CODE           	1882	0000	131

C:\Program Files (x86)\Microchip\xc8\v1.43\sources\common\lldiv.c estimated size: 131

C:\Program Files (x86)\Microchip\xc8\v1.43\sources\common\fttol.c
		___fttol       		CODE           	11A8	0000	285

C:\Program Files (x86)\Microchip\xc8\v1.43\sources\common\fttol.c estimated size: 285

C:\Program Files (x86)\Microchip\xc8\v1.43\sources\common\doprnt.c
		_scale         		CODE           	06F6	0000	1033
		_sprintf       		CODE           	0012	0000	1765
		_fround        		CODE           	0AFE	0000	595

C:\Program Files (x86)\Microchip\xc8\v1.43\sources\common\doprnt.c estimated size: 3393

C:\Program Files (x86)\Microchip\xc8\v1.43\sources\common\lltoft.c
		___lltoft      		CODE           	1AC6	0000	93

C:\Program Files (x86)\Microchip\xc8\v1.43\sources\common\lltoft.c estimated size: 93

glcd_library/TS.c
		_ISR           		CODE           	0008	0000	161
		_R0Value       		CODE           	1D80	0000	21
		_readX         		CODE           	1B22	0000	79
		_setupADC      		CODE           	1D50	0000	29

glcd_library/TS.c estimated size: 290

C:\Program Files (x86)\Microchip\xc8\v1.43\sources\common\ftadd.c
		___ftadd       		CODE           	0D50	0000	511

C:\Program Files (x86)\Microchip\xc8\v1.43\sources\common\ftadd.c estimated size: 511

shared
		_Font3x6       		MEDIUMCONST    	7EC3	0000	196
		__powers_      		MEDIUMCONST    	7FAE	0000	40
		_dpowers       		MEDIUMCONST    	7F86	0000	41
		_Font8x8       		MEDIUMCONST    	76C3	0000	2049
		__npowers_     		MEDIUMCONST    	7FD5	0000	40
		__initialization		CODE           	1CB4	0000	37

shared estimated size: 2403

C:\Program Files (x86)\Microchip\xc8\v1.43\sources\common\ftdivl.c
		__tdiv_to_l_   		CODE           	0F4E	0000	307

C:\Program Files (x86)\Microchip\xc8\v1.43\sources\common\ftdivl.c estimated size: 307

C:\Program Files (x86)\Microchip\xc8\v1.43\sources\common\ftneg.c
		___ftneg       		CODE           	1D0C	0000	37

C:\Program Files (x86)\Microchip\xc8\v1.43\sources\common\ftneg.c estimated size: 37

C:\Program Files (x86)\Microchip\xc8\v1.43\sources\common\Umul16.c
		___wmul        		CODE           	1CE6	0000	39

C:\Program Files (x86)\Microchip\xc8\v1.43\sources\common\Umul16.c estimated size: 39

C:\Program Files (x86)\Microchip\xc8\v1.43\sources\common\ftsub.c
		___ftsub       		CODE           	1B70	0000	77

C:\Program Files (x86)\Microchip\xc8\v1.43\sources\common\ftsub.c estimated size: 77

C:\Program Files (x86)\Microchip\xc8\v1.43\sources\common\float.c
		___ftpack      		CODE           	1626	0000	175

C:\Program Files (x86)\Microchip\xc8\v1.43\sources\common\float.c estimated size: 175

main.c
		_main          		CODE           	1904	0000	127

main.c estimated size: 127

C:\Program Files (x86)\Microchip\xc8\v1.43\sources\common\awmod.c
		___awmod       		CODE           	1982	0000	113

C:\Program Files (x86)\Microchip\xc8\v1.43\sources\common\awmod.c estimated size: 113

C:\Program Files (x86)\Microchip\xc8\v1.43\sources\common\llmod.c
		___llmod       		CODE           	1A60	0000	103

C:\Program Files (x86)\Microchip\xc8\v1.43\sources\common\llmod.c estimated size: 103

glcd_library/glcd.c
		_glcd_SetCursor		CODE           	1BBC	0000	73
		_glcd_WriteString		CODE           	1C04	0000	67
		_glcd_WriteByte		CODE           	1C7E	0000	55
		_glcd_Init     		CODE           	1568	0000	191
		_glcd_WriteChar8X8		CODE           	149C	0000	205
		_glcd_FillScreen		CODE           	19F2	0000	111
		_glcd_text_write		CODE           	1D30	0000	33
		_glcd_WriteChar3x6		CODE           	13B8	0000	229

glcd_library/glcd.c estimated size: 964

